-- Logs begin at Fri 2016-09-09 11:34:23 MSK, end at Tue 2016-09-20 16:40:23 MSK. --
Sep 09 11:34:23 st5.os3.su systemd-journald[994]: Runtime journal (/run/log/journal/) is 8.0M, max 78.9M, 70.9M free.
Sep 09 11:34:23 st5.os3.su kernel: Initializing cgroup subsys cpuset
Sep 09 11:34:23 st5.os3.su kernel: Initializing cgroup subsys cpu
Sep 09 11:34:23 st5.os3.su kernel: Initializing cgroup subsys cpuacct
Sep 09 11:34:23 st5.os3.su kernel: Linux version 4.4.0-36-generic (buildd@lcy01-01) (gcc version 5.4.0 20160609 (Ubuntu 5.4.0-6ubuntu1~16.04.2) ) #55-Ubuntu SMP Thu Aug 11 18:01:55 UTC 2016 (Ubuntu 4.4.0-36.55-generic 4.4.16)
Sep 09 11:34:23 st5.os3.su kernel: Command line: BOOT_IMAGE=/boot/vmlinuz-4.4.0-36-generic.efi.signed root=UUID=fe1900eb-9508-457e-9908-020cab32ac2e ro cgroup_enable=memory swapaccount=1 splash quiet
Sep 09 11:34:23 st5.os3.su kernel: KERNEL supported cpus:
Sep 09 11:34:23 st5.os3.su kernel:   Intel GenuineIntel
Sep 09 11:34:23 st5.os3.su kernel:   AMD AuthenticAMD
Sep 09 11:34:23 st5.os3.su kernel:   Centaur CentaurHauls
Sep 09 11:34:23 st5.os3.su kernel: x86/fpu: xstate_offset[2]:  576, xstate_sizes[2]:  256
Sep 09 11:34:23 st5.os3.su kernel: x86/fpu: Supporting XSAVE feature 0x01: 'x87 floating point registers'
Sep 09 11:34:23 st5.os3.su kernel: x86/fpu: Supporting XSAVE feature 0x02: 'SSE registers'
Sep 09 11:34:23 st5.os3.su kernel: x86/fpu: Supporting XSAVE feature 0x04: 'AVX registers'
Sep 09 11:34:23 st5.os3.su kernel: x86/fpu: Enabled xstate features 0x7, context size is 832 bytes, using 'standard' format.
Sep 09 11:34:23 st5.os3.su kernel: x86/fpu: Using 'eager' FPU context switches.
Sep 09 11:34:23 st5.os3.su kernel: e820: BIOS-provided physical RAM map:
Sep 09 11:34:23 st5.os3.su kernel: BIOS-e820: [mem 0x0000000000000000-0x000000000004efff] usable
Sep 09 11:34:23 st5.os3.su kernel: BIOS-e820: [mem 0x000000000004f000-0x000000000004ffff] reserved
Sep 09 11:34:23 st5.os3.su kernel: BIOS-e820: [mem 0x0000000000050000-0x000000000009dfff] usable
Sep 09 11:34:23 st5.os3.su kernel: BIOS-e820: [mem 0x000000000009e000-0x000000000009ffff] reserved
Sep 09 11:34:23 st5.os3.su kernel: BIOS-e820: [mem 0x0000000000100000-0x00000000b87a4fff] usable
Sep 09 11:34:23 st5.os3.su kernel: BIOS-e820: [mem 0x00000000b87a5000-0x00000000b87abfff] ACPI NVS
Sep 09 11:34:23 st5.os3.su kernel: BIOS-e820: [mem 0x00000000b87ac000-0x00000000b8beffff] usable
Sep 09 11:34:23 st5.os3.su kernel: BIOS-e820: [mem 0x00000000b8bf0000-0x00000000b8fa1fff] reserved
Sep 09 11:34:23 st5.os3.su kernel: BIOS-e820: [mem 0x00000000b8fa2000-0x00000000cb876fff] usable
Sep 09 11:34:23 st5.os3.su kernel: BIOS-e820: [mem 0x00000000cb877000-0x00000000cb900fff] reserved
Sep 09 11:34:23 st5.os3.su kernel: BIOS-e820: [mem 0x00000000cb901000-0x00000000cb920fff] ACPI data
Sep 09 11:34:23 st5.os3.su kernel: BIOS-e820: [mem 0x00000000cb921000-0x00000000cba0cfff] ACPI NVS
Sep 09 11:34:23 st5.os3.su kernel: BIOS-e820: [mem 0x00000000cba0d000-0x00000000cbf7ffff] reserved
Sep 09 11:34:23 st5.os3.su kernel: BIOS-e820: [mem 0x00000000cbf80000-0x00000000cbffefff] type 20
Sep 09 11:34:23 st5.os3.su kernel: BIOS-e820: [mem 0x00000000cbfff000-0x00000000cbffffff] usable
Sep 09 11:34:23 st5.os3.su kernel: BIOS-e820: [mem 0x00000000cd000000-0x00000000cf1fffff] reserved
Sep 09 11:34:23 st5.os3.su kernel: BIOS-e820: [mem 0x00000000f8000000-0x00000000fbffffff] reserved
Sep 09 11:34:23 st5.os3.su kernel: BIOS-e820: [mem 0x00000000fec00000-0x00000000fec00fff] reserved
Sep 09 11:34:23 st5.os3.su kernel: BIOS-e820: [mem 0x00000000fed00000-0x00000000fed03fff] reserved
Sep 09 11:34:23 st5.os3.su kernel: BIOS-e820: [mem 0x00000000fed1c000-0x00000000fed1ffff] reserved
Sep 09 11:34:23 st5.os3.su kernel: BIOS-e820: [mem 0x00000000fee00000-0x00000000fee00fff] reserved
Sep 09 11:34:23 st5.os3.su kernel: BIOS-e820: [mem 0x00000000ff000000-0x00000000ffffffff] reserved
Sep 09 11:34:23 st5.os3.su kernel: BIOS-e820: [mem 0x0000000100000000-0x000000022edfffff] usable
Sep 09 11:34:23 st5.os3.su kernel: NX (Execute Disable) protection: active
Sep 09 11:34:23 st5.os3.su kernel: efi: EFI v2.31 by American Megatrends
Sep 09 11:34:23 st5.os3.su kernel: efi:  ACPI=0xcb908000  ACPI 2.0=0xcb908000  SMBIOS=0xcbf7e498  MPS=0xf4e60 
Sep 09 11:34:23 st5.os3.su kernel: SMBIOS 2.7 present.
Sep 09 11:34:23 st5.os3.su kernel: DMI: Hewlett-Packard HP EliteDesk 800 G1 SFF/1998, BIOS L01 v02.57 12/11/2014
Sep 09 11:34:23 st5.os3.su kernel: e820: update [mem 0x00000000-0x00000fff] usable ==> reserved
Sep 09 11:34:23 st5.os3.su kernel: e820: remove [mem 0x000a0000-0x000fffff] usable
Sep 09 11:34:23 st5.os3.su kernel: e820: last_pfn = 0x22ee00 max_arch_pfn = 0x400000000
Sep 09 11:34:23 st5.os3.su kernel: MTRR default type: uncachable
Sep 09 11:34:23 st5.os3.su kernel: MTRR fixed ranges enabled:
Sep 09 11:34:23 st5.os3.su kernel:   00000-9FFFF write-back
Sep 09 11:34:23 st5.os3.su kernel:   A0000-BFFFF uncachable
Sep 09 11:34:23 st5.os3.su kernel:   C0000-CFFFF write-protect
Sep 09 11:34:23 st5.os3.su kernel:   D0000-DFFFF uncachable
Sep 09 11:34:23 st5.os3.su kernel:   E0000-FFFFF write-protect
Sep 09 11:34:23 st5.os3.su kernel: MTRR variable ranges enabled:
Sep 09 11:34:23 st5.os3.su kernel:   0 base 0000000000 mask 7E00000000 write-back
Sep 09 11:34:23 st5.os3.su kernel:   1 base 0200000000 mask 7FE0000000 write-back
Sep 09 11:34:23 st5.os3.su kernel:   2 base 0220000000 mask 7FF0000000 write-back
Sep 09 11:34:23 st5.os3.su kernel:   3 base 00E0000000 mask 7FE0000000 uncachable
Sep 09 11:34:23 st5.os3.su kernel:   4 base 00D0000000 mask 7FF0000000 uncachable
Sep 09 11:34:23 st5.os3.su kernel:   5 base 00CE000000 mask 7FFE000000 uncachable
Sep 09 11:34:23 st5.os3.su kernel:   6 base 00CD000000 mask 7FFF000000 uncachable
Sep 09 11:34:23 st5.os3.su kernel:   7 base 022F000000 mask 7FFF000000 uncachable
Sep 09 11:34:23 st5.os3.su kernel:   8 base 022EE00000 mask 7FFFE00000 uncachable
Sep 09 11:34:23 st5.os3.su kernel:   9 disabled
Sep 09 11:34:23 st5.os3.su kernel: x86/PAT: Configuration [0-7]: WB  WC  UC- UC  WB  WC  UC- WT  
Sep 09 11:34:23 st5.os3.su kernel: original variable MTRRs
Sep 09 11:34:23 st5.os3.su kernel: reg 0, base: 0GB, range: 8GB, type WB
Sep 09 11:34:23 st5.os3.su kernel: reg 1, base: 8GB, range: 512MB, type WB
Sep 09 11:34:23 st5.os3.su kernel: reg 2, base: 8704MB, range: 256MB, type WB
Sep 09 11:34:23 st5.os3.su kernel: reg 3, base: 3584MB, range: 512MB, type UC
Sep 09 11:34:23 st5.os3.su kernel: reg 4, base: 3328MB, range: 256MB, type UC
Sep 09 11:34:23 st5.os3.su kernel: reg 5, base: 3296MB, range: 32MB, type UC
Sep 09 11:34:23 st5.os3.su kernel: reg 6, base: 3280MB, range: 16MB, type UC
Sep 09 11:34:23 st5.os3.su kernel: reg 7, base: 8944MB, range: 16MB, type UC
Sep 09 11:34:23 st5.os3.su kernel: reg 8, base: 8942MB, range: 2MB, type UC
Sep 09 11:34:23 st5.os3.su kernel: total RAM covered: 8126M
Sep 09 11:34:23 st5.os3.su kernel:  gran_size: 64K         chunk_size: 64K         num_reg: 10          lose cover RAM: 14M
Sep 09 11:34:23 st5.os3.su kernel:  gran_size: 64K         chunk_size: 128K         num_reg: 10          lose cover RAM: 14M
Sep 09 11:34:23 st5.os3.su kernel:  gran_size: 64K         chunk_size: 256K         num_reg: 10          lose cover RAM: 14M
Sep 09 11:34:23 st5.os3.su kernel:  gran_size: 64K         chunk_size: 512K         num_reg: 10          lose cover RAM: 14M
Sep 09 11:34:23 st5.os3.su kernel:  gran_size: 64K         chunk_size: 1M         num_reg: 10          lose cover RAM: 14M
Sep 09 11:34:23 st5.os3.su kernel:  gran_size: 64K         chunk_size: 2M         num_reg: 10          lose cover RAM: 14M
Sep 09 11:34:23 st5.os3.su kernel:  gran_size: 64K         chunk_size: 4M         num_reg: 10          lose cover RAM: 14M
Sep 09 11:34:23 st5.os3.su kernel:  gran_size: 64K         chunk_size: 8M         num_reg: 10          lose cover RAM: 14M
Sep 09 11:34:23 st5.os3.su kernel:  gran_size: 64K         chunk_size: 16M         num_reg: 10          lose cover RAM: 14M
Sep 09 11:34:23 st5.os3.su kernel: *BAD*gran_size: 64K         chunk_size: 32M         num_reg: 10          lose cover RAM: -16M
Sep 09 11:34:23 st5.os3.su kernel:  gran_size: 64K         chunk_size: 64M         num_reg: 10          lose cover RAM: 0G
Sep 09 11:34:23 st5.os3.su kernel:  gran_size: 64K         chunk_size: 128M         num_reg: 10          lose cover RAM: 0G
Sep 09 11:34:23 st5.os3.su kernel:  gran_size: 64K         chunk_size: 256M         num_reg: 10          lose cover RAM: 0G
Sep 09 11:34:23 st5.os3.su kernel: *BAD*gran_size: 64K         chunk_size: 512M         num_reg: 10          lose cover RAM: -256M
Sep 09 11:34:23 st5.os3.su kernel:  gran_size: 64K         chunk_size: 1G         num_reg: 10          lose cover RAM: 0G
Sep 09 11:34:23 st5.os3.su kernel: *BAD*gran_size: 64K         chunk_size: 2G         num_reg: 10          lose cover RAM: -1G
Sep 09 11:34:23 st5.os3.su kernel:  gran_size: 128K         chunk_size: 128K         num_reg: 10          lose cover RAM: 14M
Sep 09 11:34:23 st5.os3.su kernel:  gran_size: 128K         chunk_size: 256K         num_reg: 10          lose cover RAM: 14M
Sep 09 11:34:23 st5.os3.su kernel:  gran_size: 128K         chunk_size: 512K         num_reg: 10          lose cover RAM: 14M
Sep 09 11:34:23 st5.os3.su kernel:  gran_size: 128K         chunk_size: 1M         num_reg: 10          lose cover RAM: 14M
Sep 09 11:34:23 st5.os3.su kernel:  gran_size: 128K         chunk_size: 2M         num_reg: 10          lose cover RAM: 14M
Sep 09 11:34:23 st5.os3.su kernel:  gran_size: 128K         chunk_size: 4M         num_reg: 10          lose cover RAM: 14M
Sep 09 11:34:23 st5.os3.su kernel:  gran_size: 128K         chunk_size: 8M         num_reg: 10          lose cover RAM: 14M
Sep 09 11:34:23 st5.os3.su kernel:  gran_size: 128K         chunk_size: 16M         num_reg: 10          lose cover RAM: 14M
Sep 09 11:34:23 st5.os3.su kernel: *BAD*gran_size: 128K         chunk_size: 32M         num_reg: 10          lose cover RAM: -16M
Sep 09 11:34:23 st5.os3.su kernel:  gran_size: 128K         chunk_size: 64M         num_reg: 10          lose cover RAM: 0G
Sep 09 11:34:23 st5.os3.su kernel:  gran_size: 128K         chunk_size: 128M         num_reg: 10          lose cover RAM: 0G
Sep 09 11:34:23 st5.os3.su kernel:  gran_size: 128K         chunk_size: 256M         num_reg: 10          lose cover RAM: 0G
Sep 09 11:34:23 st5.os3.su kernel: *BAD*gran_size: 128K         chunk_size: 512M         num_reg: 10          lose cover RAM: -256M
Sep 09 11:34:23 st5.os3.su kernel:  gran_size: 128K         chunk_size: 1G         num_reg: 10          lose cover RAM: 0G
Sep 09 11:34:23 st5.os3.su kernel: *BAD*gran_size: 128K         chunk_size: 2G         num_reg: 10          lose cover RAM: -1G
Sep 09 11:34:23 st5.os3.su kernel:  gran_size: 256K         chunk_size: 256K         num_reg: 10          lose cover RAM: 14M
Sep 09 11:34:23 st5.os3.su kernel:  gran_size: 256K         chunk_size: 512K         num_reg: 10          lose cover RAM: 14M
Sep 09 11:34:23 st5.os3.su kernel:  gran_size: 256K         chunk_size: 1M         num_reg: 10          lose cover RAM: 14M
Sep 09 11:34:23 st5.os3.su kernel:  gran_size: 256K         chunk_size: 2M         num_reg: 10          lose cover RAM: 14M
Sep 09 11:34:23 st5.os3.su kernel:  gran_size: 256K         chunk_size: 4M         num_reg: 10          lose cover RAM: 14M
Sep 09 11:34:23 st5.os3.su kernel:  gran_size: 256K         chunk_size: 8M         num_reg: 10          lose cover RAM: 14M
Sep 09 11:34:23 st5.os3.su kernel:  gran_size: 256K         chunk_size: 16M         num_reg: 10          lose cover RAM: 14M
Sep 09 11:34:23 st5.os3.su kernel: *BAD*gran_size: 256K         chunk_size: 32M         num_reg: 10          lose cover RAM: -16M
Sep 09 11:34:23 st5.os3.su kernel:  gran_size: 256K         chunk_size: 64M         num_reg: 10          lose cover RAM: 0G
Sep 09 11:34:23 st5.os3.su kernel:  gran_size: 256K         chunk_size: 128M         num_reg: 10          lose cover RAM: 0G
Sep 09 11:34:23 st5.os3.su kernel:  gran_size: 256K         chunk_size: 256M         num_reg: 10          lose cover RAM: 0G
Sep 09 11:34:23 st5.os3.su kernel: *BAD*gran_size: 256K         chunk_size: 512M         num_reg: 10          lose cover RAM: -256M
Sep 09 11:34:23 st5.os3.su kernel:  gran_size: 256K         chunk_size: 1G         num_reg: 10          lose cover RAM: 0G
Sep 09 11:34:23 st5.os3.su kernel: *BAD*gran_size: 256K         chunk_size: 2G         num_reg: 10          lose cover RAM: -1G
Sep 09 11:34:23 st5.os3.su kernel:  gran_size: 512K         chunk_size: 512K         num_reg: 10          lose cover RAM: 14M
Sep 09 11:34:23 st5.os3.su kernel:  gran_size: 512K         chunk_size: 1M         num_reg: 10          lose cover RAM: 14M
Sep 09 11:34:23 st5.os3.su kernel:  gran_size: 512K         chunk_size: 2M         num_reg: 10          lose cover RAM: 14M
Sep 09 11:34:23 st5.os3.su kernel:  gran_size: 512K         chunk_size: 4M         num_reg: 10          lose cover RAM: 14M
Sep 09 11:34:23 st5.os3.su kernel:  gran_size: 512K         chunk_size: 8M         num_reg: 10          lose cover RAM: 14M
Sep 09 11:34:23 st5.os3.su kernel:  gran_size: 512K         chunk_size: 16M         num_reg: 10          lose cover RAM: 14M
Sep 09 11:34:23 st5.os3.su kernel: *BAD*gran_size: 512K         chunk_size: 32M         num_reg: 10          lose cover RAM: -16M
Sep 09 11:34:23 st5.os3.su kernel:  gran_size: 512K         chunk_size: 64M         num_reg: 10          lose cover RAM: 0G
Sep 09 11:34:23 st5.os3.su kernel:  gran_size: 512K         chunk_size: 128M         num_reg: 10          lose cover RAM: 0G
Sep 09 11:34:23 st5.os3.su kernel:  gran_size: 512K         chunk_size: 256M         num_reg: 10          lose cover RAM: 0G
Sep 09 11:34:23 st5.os3.su kernel: *BAD*gran_size: 512K         chunk_size: 512M         num_reg: 10          lose cover RAM: -256M
Sep 09 11:34:23 st5.os3.su kernel:  gran_size: 512K         chunk_size: 1G         num_reg: 10          lose cover RAM: 0G
Sep 09 11:34:23 st5.os3.su kernel: *BAD*gran_size: 512K         chunk_size: 2G         num_reg: 10          lose cover RAM: -1G
Sep 09 11:34:23 st5.os3.su kernel:  gran_size: 1M         chunk_size: 1M         num_reg: 10          lose cover RAM: 14M
Sep 09 11:34:23 st5.os3.su kernel:  gran_size: 1M         chunk_size: 2M         num_reg: 10          lose cover RAM: 14M
Sep 09 11:34:23 st5.os3.su kernel:  gran_size: 1M         chunk_size: 4M         num_reg: 10          lose cover RAM: 14M
Sep 09 11:34:23 st5.os3.su kernel:  gran_size: 1M         chunk_size: 8M         num_reg: 10          lose cover RAM: 14M
Sep 09 11:34:23 st5.os3.su kernel:  gran_size: 1M         chunk_size: 16M         num_reg: 10          lose cover RAM: 14M
Sep 09 11:34:23 st5.os3.su kernel: *BAD*gran_size: 1M         chunk_size: 32M         num_reg: 10          lose cover RAM: -16M
Sep 09 11:34:23 st5.os3.su kernel:  gran_size: 1M         chunk_size: 64M         num_reg: 10          lose cover RAM: 0G
Sep 09 11:34:23 st5.os3.su kernel:  gran_size: 1M         chunk_size: 128M         num_reg: 10          lose cover RAM: 0G
Sep 09 11:34:23 st5.os3.su kernel:  gran_size: 1M         chunk_size: 256M         num_reg: 10          lose cover RAM: 0G
Sep 09 11:34:23 st5.os3.su kernel: *BAD*gran_size: 1M         chunk_size: 512M         num_reg: 10          lose cover RAM: -256M
Sep 09 11:34:23 st5.os3.su kernel:  gran_size: 1M         chunk_size: 1G         num_reg: 10          lose cover RAM: 0G
Sep 09 11:34:23 st5.os3.su kernel: *BAD*gran_size: 1M         chunk_size: 2G         num_reg: 10          lose cover RAM: -1G
Sep 09 11:34:23 st5.os3.su kernel:  gran_size: 2M         chunk_size: 2M         num_reg: 10          lose cover RAM: 14M
Sep 09 11:34:23 st5.os3.su kernel:  gran_size: 2M         chunk_size: 4M         num_reg: 10          lose cover RAM: 14M
Sep 09 11:34:23 st5.os3.su kernel:  gran_size: 2M         chunk_size: 8M         num_reg: 10          lose cover RAM: 14M
Sep 09 11:34:23 st5.os3.su kernel:  gran_size: 2M         chunk_size: 16M         num_reg: 10          lose cover RAM: 14M
Sep 09 11:34:23 st5.os3.su kernel: *BAD*gran_size: 2M         chunk_size: 32M         num_reg: 10          lose cover RAM: -16M
Sep 09 11:34:23 st5.os3.su kernel:  gran_size: 2M         chunk_size: 64M         num_reg: 10          lose cover RAM: 0G
Sep 09 11:34:23 st5.os3.su kernel:  gran_size: 2M         chunk_size: 128M         num_reg: 10          lose cover RAM: 0G
Sep 09 11:34:23 st5.os3.su kernel:  gran_size: 2M         chunk_size: 256M         num_reg: 10          lose cover RAM: 0G
Sep 09 11:34:23 st5.os3.su kernel: *BAD*gran_size: 2M         chunk_size: 512M         num_reg: 10          lose cover RAM: -256M
Sep 09 11:34:23 st5.os3.su kernel:  gran_size: 2M         chunk_size: 1G         num_reg: 10          lose cover RAM: 0G
Sep 09 11:34:23 st5.os3.su kernel: *BAD*gran_size: 2M         chunk_size: 2G         num_reg: 10          lose cover RAM: -1G
Sep 09 11:34:23 st5.os3.su kernel:  gran_size: 4M         chunk_size: 4M         num_reg: 10          lose cover RAM: 14M
Sep 09 11:34:23 st5.os3.su kernel:  gran_size: 4M         chunk_size: 8M         num_reg: 10          lose cover RAM: 14M
Sep 09 11:34:23 st5.os3.su kernel:  gran_size: 4M         chunk_size: 16M         num_reg: 10          lose cover RAM: 14M
Sep 09 11:34:23 st5.os3.su kernel: *BAD*gran_size: 4M         chunk_size: 32M         num_reg: 10          lose cover RAM: -14M
Sep 09 11:34:23 st5.os3.su kernel:  gran_size: 4M         chunk_size: 64M         num_reg: 10          lose cover RAM: 2M
Sep 09 11:34:23 st5.os3.su kernel:  gran_size: 4M         chunk_size: 128M         num_reg: 10          lose cover RAM: 2M
Sep 09 11:34:23 st5.os3.su kernel:  gran_size: 4M         chunk_size: 256M         num_reg: 10          lose cover RAM: 2M
Sep 09 11:34:23 st5.os3.su kernel: *BAD*gran_size: 4M         chunk_size: 512M         num_reg: 10          lose cover RAM: -254M
Sep 09 11:34:23 st5.os3.su kernel:  gran_size: 4M         chunk_size: 1G         num_reg: 10          lose cover RAM: 2M
Sep 09 11:34:23 st5.os3.su kernel: *BAD*gran_size: 4M         chunk_size: 2G         num_reg: 10          lose cover RAM: -1022M
Sep 09 11:34:23 st5.os3.su kernel:  gran_size: 8M         chunk_size: 8M         num_reg: 10          lose cover RAM: 14M
Sep 09 11:34:23 st5.os3.su kernel:  gran_size: 8M         chunk_size: 16M         num_reg: 10          lose cover RAM: 14M
Sep 09 11:34:23 st5.os3.su kernel: *BAD*gran_size: 8M         chunk_size: 32M         num_reg: 10          lose cover RAM: -10M
Sep 09 11:34:23 st5.os3.su kernel:  gran_size: 8M         chunk_size: 64M         num_reg: 10          lose cover RAM: 6M
Sep 09 11:34:23 st5.os3.su kernel:  gran_size: 8M         chunk_size: 128M         num_reg: 10          lose cover RAM: 6M
Sep 09 11:34:23 st5.os3.su kernel:  gran_size: 8M         chunk_size: 256M         num_reg: 10          lose cover RAM: 6M
Sep 09 11:34:23 st5.os3.su kernel: *BAD*gran_size: 8M         chunk_size: 512M         num_reg: 10          lose cover RAM: -250M
Sep 09 11:34:23 st5.os3.su kernel:  gran_size: 8M         chunk_size: 1G         num_reg: 10          lose cover RAM: 6M
Sep 09 11:34:23 st5.os3.su kernel: *BAD*gran_size: 8M         chunk_size: 2G         num_reg: 10          lose cover RAM: -1018M
Sep 09 11:34:23 st5.os3.su kernel:  gran_size: 16M         chunk_size: 16M         num_reg: 10          lose cover RAM: 14M
Sep 09 11:34:23 st5.os3.su kernel:  gran_size: 16M         chunk_size: 32M         num_reg: 10          lose cover RAM: 46M
Sep 09 11:34:23 st5.os3.su kernel:  gran_size: 16M         chunk_size: 64M         num_reg: 9          lose cover RAM: 14M
Sep 09 11:34:23 st5.os3.su kernel:  gran_size: 16M         chunk_size: 128M         num_reg: 9          lose cover RAM: 14M
Sep 09 11:34:23 st5.os3.su kernel:  gran_size: 16M         chunk_size: 256M         num_reg: 9          lose cover RAM: 14M
Sep 09 11:34:23 st5.os3.su kernel:  gran_size: 16M         chunk_size: 512M         num_reg: 10          lose cover RAM: 14M
Sep 09 11:34:23 st5.os3.su kernel:  gran_size: 16M         chunk_size: 1G         num_reg: 9          lose cover RAM: 14M
Sep 09 11:34:23 st5.os3.su kernel:  gran_size: 16M         chunk_size: 2G         num_reg: 10          lose cover RAM: 14M
Sep 09 11:34:23 st5.os3.su kernel:  gran_size: 32M         chunk_size: 32M         num_reg: 9          lose cover RAM: 30M
Sep 09 11:34:23 st5.os3.su kernel:  gran_size: 32M         chunk_size: 64M         num_reg: 8          lose cover RAM: 30M
Sep 09 11:34:23 st5.os3.su kernel:  gran_size: 32M         chunk_size: 128M         num_reg: 8          lose cover RAM: 30M
Sep 09 11:34:23 st5.os3.su kernel:  gran_size: 32M         chunk_size: 256M         num_reg: 8          lose cover RAM: 30M
Sep 09 11:34:23 st5.os3.su kernel:  gran_size: 32M         chunk_size: 512M         num_reg: 9          lose cover RAM: 30M
Sep 09 11:34:23 st5.os3.su kernel:  gran_size: 32M         chunk_size: 1G         num_reg: 8          lose cover RAM: 30M
Sep 09 11:34:23 st5.os3.su kernel:  gran_size: 32M         chunk_size: 2G         num_reg: 9          lose cover RAM: 30M
Sep 09 11:34:23 st5.os3.su kernel:  gran_size: 64M         chunk_size: 64M         num_reg: 8          lose cover RAM: 62M
Sep 09 11:34:23 st5.os3.su kernel:  gran_size: 64M         chunk_size: 128M         num_reg: 8          lose cover RAM: 62M
Sep 09 11:34:23 st5.os3.su kernel:  gran_size: 64M         chunk_size: 256M         num_reg: 8          lose cover RAM: 62M
Sep 09 11:34:23 st5.os3.su kernel:  gran_size: 64M         chunk_size: 512M         num_reg: 9          lose cover RAM: 62M
Sep 09 11:34:23 st5.os3.su kernel:  gran_size: 64M         chunk_size: 1G         num_reg: 8          lose cover RAM: 62M
Sep 09 11:34:23 st5.os3.su kernel:  gran_size: 64M         chunk_size: 2G         num_reg: 9          lose cover RAM: 62M
Sep 09 11:34:23 st5.os3.su kernel:  gran_size: 128M         chunk_size: 128M         num_reg: 6          lose cover RAM: 190M
Sep 09 11:34:23 st5.os3.su kernel:  gran_size: 128M         chunk_size: 256M         num_reg: 8          lose cover RAM: 190M
Sep 09 11:34:23 st5.os3.su kernel:  gran_size: 128M         chunk_size: 512M         num_reg: 9          lose cover RAM: 190M
Sep 09 11:34:23 st5.os3.su kernel:  gran_size: 128M         chunk_size: 1G         num_reg: 8          lose cover RAM: 190M
Sep 09 11:34:23 st5.os3.su kernel:  gran_size: 128M         chunk_size: 2G         num_reg: 9          lose cover RAM: 190M
Sep 09 11:34:23 st5.os3.su kernel:  gran_size: 256M         chunk_size: 256M         num_reg: 4          lose cover RAM: 446M
Sep 09 11:34:23 st5.os3.su kernel:  gran_size: 256M         chunk_size: 512M         num_reg: 4          lose cover RAM: 446M
Sep 09 11:34:23 st5.os3.su kernel:  gran_size: 256M         chunk_size: 1G         num_reg: 5          lose cover RAM: 446M
Sep 09 11:34:23 st5.os3.su kernel:  gran_size: 256M         chunk_size: 2G         num_reg: 6          lose cover RAM: 446M
Sep 09 11:34:23 st5.os3.su kernel:  gran_size: 512M         chunk_size: 512M         num_reg: 4          lose cover RAM: 446M
Sep 09 11:34:23 st5.os3.su kernel:  gran_size: 512M         chunk_size: 1G         num_reg: 5          lose cover RAM: 446M
Sep 09 11:34:23 st5.os3.su kernel:  gran_size: 512M         chunk_size: 2G         num_reg: 6          lose cover RAM: 446M
Sep 09 11:34:23 st5.os3.su kernel:  gran_size: 1G         chunk_size: 1G         num_reg: 3          lose cover RAM: 958M
Sep 09 11:34:23 st5.os3.su kernel:  gran_size: 1G         chunk_size: 2G         num_reg: 3          lose cover RAM: 958M
Sep 09 11:34:23 st5.os3.su kernel:  gran_size: 2G         chunk_size: 2G         num_reg: 2          lose cover RAM: 1982M
Sep 09 11:34:23 st5.os3.su kernel: mtrr_cleanup: can not find optimal value
Sep 09 11:34:23 st5.os3.su kernel: please specify mtrr_gran_size/mtrr_chunk_size
Sep 09 11:34:23 st5.os3.su kernel: e820: update [mem 0xcd000000-0xffffffff] usable ==> reserved
Sep 09 11:34:23 st5.os3.su kernel: e820: last_pfn = 0xcc000 max_arch_pfn = 0x400000000
Sep 09 11:34:23 st5.os3.su kernel: found SMP MP-table at [mem 0x000f4e50-0x000f4e5f] mapped at [ffff8800000f4e50]
Sep 09 11:34:23 st5.os3.su kernel: Scanning 1 areas for low memory corruption
Sep 09 11:34:23 st5.os3.su kernel: Base memory trampoline at [ffff880000097000] 97000 size 24576
Sep 09 11:34:23 st5.os3.su kernel: Using GB pages for direct mapping
Sep 09 11:34:23 st5.os3.su kernel: BRK [0x03200000, 0x03200fff] PGTABLE
Sep 09 11:34:23 st5.os3.su kernel: BRK [0x03201000, 0x03201fff] PGTABLE
Sep 09 11:34:23 st5.os3.su kernel: BRK [0x03202000, 0x03202fff] PGTABLE
Sep 09 11:34:23 st5.os3.su kernel: BRK [0x03203000, 0x03203fff] PGTABLE
Sep 09 11:34:23 st5.os3.su kernel: BRK [0x03204000, 0x03204fff] PGTABLE
Sep 09 11:34:23 st5.os3.su kernel: BRK [0x03205000, 0x03205fff] PGTABLE
Sep 09 11:34:23 st5.os3.su kernel: RAMDISK: [mem 0x33b6c000-0x35dadfff]
Sep 09 11:34:23 st5.os3.su kernel: ACPI: Early table checksum verification disabled
Sep 09 11:34:23 st5.os3.su kernel: ACPI: RSDP 0x00000000CB908000 000024 (v02 HPQOEM)
Sep 09 11:34:23 st5.os3.su kernel: ACPI: XSDT 0x00000000CB908088 00008C (v01 HPQOEM SLIC-BPC 20141211 AMI  00010013)
Sep 09 11:34:23 st5.os3.su kernel: ACPI: FACP 0x00000000CB915B00 00010C (v05 HPQOEM SLIC-BPC 20141211 AMI  00010013)
Sep 09 11:34:23 st5.os3.su kernel: ACPI: DSDT 0x00000000CB9081A0 00D960 (v02 HPQOEM SLIC-BPC 00000001 INTL 20091112)
Sep 09 11:34:23 st5.os3.su kernel: ACPI: FACS 0x00000000CBA0B080 000040
Sep 09 11:34:23 st5.os3.su kernel: ACPI: APIC 0x00000000CB915C10 000072 (v03 HPQOEM SLIC-BPC 20141211 AMI  00010013)
Sep 09 11:34:23 st5.os3.su kernel: ACPI: FPDT 0x00000000CB915C88 000044 (v01 HPQOEM SLIC-BPC 20141211 AMI  00010013)
Sep 09 11:34:23 st5.os3.su kernel: ACPI: SSDT 0x00000000CB915CD0 000539 (v01 PmRef  Cpu0Ist  00003000 INTL 20120711)
Sep 09 11:34:23 st5.os3.su kernel: ACPI: SSDT 0x00000000CB916210 000AD8 (v01 PmRef  CpuPm    00003000 INTL 20120711)
Sep 09 11:34:23 st5.os3.su kernel: ACPI: SSDT 0x00000000CB916CE8 0001C7 (v01 PmRef  LakeTiny 00003000 INTL 20120711)
Sep 09 11:34:23 st5.os3.su kernel: ACPI: MCFG 0x00000000CB916EB0 00003C (v01 HPQOEM SLIC-BPC 20141211 MSFT 00000097)
Sep 09 11:34:23 st5.os3.su kernel: ACPI: HPET 0x00000000CB916EF0 000038 (v01 HPQOEM SLIC-BPC 20141211 AMI. 00000005)
Sep 09 11:34:23 st5.os3.su kernel: ACPI: SSDT 0x00000000CB916F28 00036D (v01 SataRe SataTabl 00001000 INTL 20120711)
Sep 09 11:34:23 st5.os3.su kernel: ACPI: SSDT 0x00000000CB917298 00348C (v01 SaSsdt SaSsdt   00003000 INTL 20091112)
Sep 09 11:34:23 st5.os3.su kernel: ACPI: SSDT 0x00000000CB91A728 00668F (v01 COMPAQ WMI      00000001 MSFT 03000001)
Sep 09 11:34:23 st5.os3.su kernel: ACPI: ASF! 0x00000000CB920DB8 0000A5 (v32 INTEL   HCG     00000001 TFSM 000F4240)
Sep 09 11:34:23 st5.os3.su kernel: ACPI: TCPA 0x00000000CB920E60 000032 (v02 APTIO4 NAPAASF  00000001 MSFT 01000013)
Sep 09 11:34:23 st5.os3.su kernel: ACPI: Local APIC address 0xfee00000
Sep 09 11:34:23 st5.os3.su kernel: No NUMA configuration found
Sep 09 11:34:23 st5.os3.su kernel: Faking a node at [mem 0x0000000000000000-0x000000022edfffff]
Sep 09 11:34:23 st5.os3.su kernel: NODE_DATA(0) allocated [mem 0x22edf6000-0x22edfafff]
Sep 09 11:34:23 st5.os3.su kernel: Zone ranges:
Sep 09 11:34:23 st5.os3.su kernel:   DMA      [mem 0x0000000000001000-0x0000000000ffffff]
Sep 09 11:34:23 st5.os3.su kernel:   DMA32    [mem 0x0000000001000000-0x00000000ffffffff]
Sep 09 11:34:23 st5.os3.su kernel:   Normal   [mem 0x0000000100000000-0x000000022edfffff]
Sep 09 11:34:23 st5.os3.su kernel:   Device   empty
Sep 09 11:34:23 st5.os3.su kernel: Movable zone start for each node
Sep 09 11:34:23 st5.os3.su kernel: Early memory node ranges
Sep 09 11:34:23 st5.os3.su kernel:   node   0: [mem 0x0000000000001000-0x000000000004efff]
Sep 09 11:34:23 st5.os3.su kernel:   node   0: [mem 0x0000000000050000-0x000000000009dfff]
Sep 09 11:34:23 st5.os3.su kernel:   node   0: [mem 0x0000000000100000-0x00000000b87a4fff]
Sep 09 11:34:23 st5.os3.su kernel:   node   0: [mem 0x00000000b87ac000-0x00000000b8beffff]
Sep 09 11:34:23 st5.os3.su kernel:   node   0: [mem 0x00000000b8fa2000-0x00000000cb876fff]
Sep 09 11:34:23 st5.os3.su kernel:   node   0: [mem 0x00000000cbfff000-0x00000000cbffffff]
Sep 09 11:34:23 st5.os3.su kernel:   node   0: [mem 0x0000000100000000-0x000000022edfffff]
Sep 09 11:34:23 st5.os3.su kernel: Initmem setup node 0 [mem 0x0000000000001000-0x000000022edfffff]
Sep 09 11:34:23 st5.os3.su kernel: On node 0 totalpages: 2073179
Sep 09 11:34:23 st5.os3.su kernel:   DMA zone: 64 pages used for memmap
Sep 09 11:34:23 st5.os3.su kernel:   DMA zone: 41 pages reserved
Sep 09 11:34:23 st5.os3.su kernel:   DMA zone: 3996 pages, LIFO batch:0
Sep 09 11:34:23 st5.os3.su kernel:   DMA32 zone: 12947 pages used for memmap
Sep 09 11:34:23 st5.os3.su kernel:   DMA32 zone: 828607 pages, LIFO batch:31
Sep 09 11:34:23 st5.os3.su kernel:   Normal zone: 19384 pages used for memmap
Sep 09 11:34:23 st5.os3.su kernel:   Normal zone: 1240576 pages, LIFO batch:31
Sep 09 11:34:23 st5.os3.su kernel: ACPI: PM-Timer IO Port: 0x408
Sep 09 11:34:23 st5.os3.su kernel: ACPI: Local APIC address 0xfee00000
Sep 09 11:34:23 st5.os3.su kernel: ACPI: LAPIC_NMI (acpi_id[0xff] high edge lint[0x1])
Sep 09 11:34:23 st5.os3.su kernel: IOAPIC[0]: apic_id 8, version 32, address 0xfec00000, GSI 0-23
Sep 09 11:34:23 st5.os3.su kernel: ACPI: INT_SRC_OVR (bus 0 bus_irq 0 global_irq 2 dfl dfl)
Sep 09 11:34:23 st5.os3.su kernel: ACPI: INT_SRC_OVR (bus 0 bus_irq 9 global_irq 9 high level)
Sep 09 11:34:23 st5.os3.su kernel: ACPI: IRQ0 used by override.
Sep 09 11:34:23 st5.os3.su kernel: ACPI: IRQ9 used by override.
Sep 09 11:34:23 st5.os3.su kernel: Using ACPI (MADT) for SMP configuration information
Sep 09 11:34:23 st5.os3.su kernel: ACPI: HPET id: 0x8086a701 base: 0xfed00000
Sep 09 11:34:23 st5.os3.su kernel: smpboot: Allowing 4 CPUs, 0 hotplug CPUs
Sep 09 11:34:23 st5.os3.su kernel: PM: Registered nosave memory: [mem 0x00000000-0x00000fff]
Sep 09 11:34:23 st5.os3.su kernel: PM: Registered nosave memory: [mem 0x0004f000-0x0004ffff]
Sep 09 11:34:23 st5.os3.su kernel: PM: Registered nosave memory: [mem 0x0009e000-0x0009ffff]
Sep 09 11:34:23 st5.os3.su kernel: PM: Registered nosave memory: [mem 0x000a0000-0x000fffff]
Sep 09 11:34:23 st5.os3.su kernel: PM: Registered nosave memory: [mem 0xb87a5000-0xb87abfff]
Sep 09 11:34:23 st5.os3.su kernel: PM: Registered nosave memory: [mem 0xb8bf0000-0xb8fa1fff]
Sep 09 11:34:23 st5.os3.su kernel: PM: Registered nosave memory: [mem 0xcb877000-0xcb900fff]
Sep 09 11:34:23 st5.os3.su kernel: PM: Registered nosave memory: [mem 0xcb901000-0xcb920fff]
Sep 09 11:34:23 st5.os3.su kernel: PM: Registered nosave memory: [mem 0xcb921000-0xcba0cfff]
Sep 09 11:34:23 st5.os3.su kernel: PM: Registered nosave memory: [mem 0xcba0d000-0xcbf7ffff]
Sep 09 11:34:23 st5.os3.su kernel: PM: Registered nosave memory: [mem 0xcbf80000-0xcbffefff]
Sep 09 11:34:23 st5.os3.su kernel: PM: Registered nosave memory: [mem 0xcc000000-0xccffffff]
Sep 09 11:34:23 st5.os3.su kernel: PM: Registered nosave memory: [mem 0xcd000000-0xcf1fffff]
Sep 09 11:34:23 st5.os3.su kernel: PM: Registered nosave memory: [mem 0xcf200000-0xf7ffffff]
Sep 09 11:34:23 st5.os3.su kernel: PM: Registered nosave memory: [mem 0xf8000000-0xfbffffff]
Sep 09 11:34:23 st5.os3.su kernel: PM: Registered nosave memory: [mem 0xfc000000-0xfebfffff]
Sep 09 11:34:23 st5.os3.su kernel: PM: Registered nosave memory: [mem 0xfec00000-0xfec00fff]
Sep 09 11:34:23 st5.os3.su kernel: PM: Registered nosave memory: [mem 0xfec01000-0xfecfffff]
Sep 09 11:34:23 st5.os3.su kernel: PM: Registered nosave memory: [mem 0xfed00000-0xfed03fff]
Sep 09 11:34:23 st5.os3.su kernel: PM: Registered nosave memory: [mem 0xfed04000-0xfed1bfff]
Sep 09 11:34:23 st5.os3.su kernel: PM: Registered nosave memory: [mem 0xfed1c000-0xfed1ffff]
Sep 09 11:34:23 st5.os3.su kernel: PM: Registered nosave memory: [mem 0xfed20000-0xfedfffff]
Sep 09 11:34:23 st5.os3.su kernel: PM: Registered nosave memory: [mem 0xfee00000-0xfee00fff]
Sep 09 11:34:23 st5.os3.su kernel: PM: Registered nosave memory: [mem 0xfee01000-0xfeffffff]
Sep 09 11:34:23 st5.os3.su kernel: PM: Registered nosave memory: [mem 0xff000000-0xffffffff]
Sep 09 11:34:23 st5.os3.su kernel: e820: [mem 0xcf200000-0xf7ffffff] available for PCI devices
Sep 09 11:34:23 st5.os3.su kernel: Booting paravirtualized kernel on bare hardware
Sep 09 11:34:23 st5.os3.su kernel: clocksource: refined-jiffies: mask: 0xffffffff max_cycles: 0xffffffff, max_idle_ns: 7645519600211568 ns
Sep 09 11:34:23 st5.os3.su kernel: setup_percpu: NR_CPUS:256 nr_cpumask_bits:256 nr_cpu_ids:4 nr_node_ids:1
Sep 09 11:34:23 st5.os3.su kernel: PERCPU: Embedded 33 pages/cpu @ffff88022ea00000 s98008 r8192 d28968 u524288
Sep 09 11:34:23 st5.os3.su kernel: pcpu-alloc: s98008 r8192 d28968 u524288 alloc=1*2097152
Sep 09 11:34:23 st5.os3.su kernel: pcpu-alloc: [0] 0 1 2 3 
Sep 09 11:34:23 st5.os3.su kernel: Built 1 zonelists in Node order, mobility grouping on.  Total pages: 2040743
Sep 09 11:34:23 st5.os3.su kernel: Policy zone: Normal
Sep 09 11:34:23 st5.os3.su kernel: Kernel command line: BOOT_IMAGE=/boot/vmlinuz-4.4.0-36-generic.efi.signed root=UUID=fe1900eb-9508-457e-9908-020cab32ac2e ro cgroup_enable=memory swapaccount=1 splash quiet
Sep 09 11:34:23 st5.os3.su kernel: PID hash table entries: 4096 (order: 3, 32768 bytes)
Sep 09 11:34:23 st5.os3.su kernel: Calgary: detecting Calgary via BIOS EBDA area
Sep 09 11:34:23 st5.os3.su kernel: Calgary: Unable to locate Rio Grande table in EBDA - bailing!
Sep 09 11:34:23 st5.os3.su kernel: Memory: 7798760K/8292716K available (8394K kernel code, 1282K rwdata, 3944K rodata, 1480K init, 1292K bss, 493956K reserved, 0K cma-reserved)
Sep 09 11:34:23 st5.os3.su kernel: SLUB: HWalign=64, Order=0-3, MinObjects=0, CPUs=4, Nodes=1
Sep 09 11:34:23 st5.os3.su kernel: Hierarchical RCU implementation.
Sep 09 11:34:23 st5.os3.su kernel:         Build-time adjustment of leaf fanout to 64.
Sep 09 11:34:23 st5.os3.su kernel:         RCU restricting CPUs from NR_CPUS=256 to nr_cpu_ids=4.
Sep 09 11:34:23 st5.os3.su kernel: RCU: Adjusting geometry for rcu_fanout_leaf=64, nr_cpu_ids=4
Sep 09 11:34:23 st5.os3.su kernel: NR_IRQS:16640 nr_irqs:456 16
Sep 09 11:34:23 st5.os3.su kernel: Console: colour dummy device 80x25
Sep 09 11:34:23 st5.os3.su kernel: console [tty0] enabled
Sep 09 11:34:23 st5.os3.su kernel: clocksource: hpet: mask: 0xffffffff max_cycles: 0xffffffff, max_idle_ns: 133484882848 ns
Sep 09 11:34:23 st5.os3.su kernel: hpet clockevent registered
Sep 09 11:34:23 st5.os3.su kernel: tsc: Fast TSC calibration using PIT
Sep 09 11:34:23 st5.os3.su kernel: tsc: Detected 3292.370 MHz processor
Sep 09 11:34:23 st5.os3.su kernel: Calibrating delay loop (skipped), value calculated using timer frequency.. 6584.74 BogoMIPS (lpj=13169480)
Sep 09 11:34:23 st5.os3.su kernel: pid_max: default: 32768 minimum: 301
Sep 09 11:34:23 st5.os3.su kernel: ACPI: Core revision 20150930
Sep 09 11:34:23 st5.os3.su kernel: ACPI: 7 ACPI AML tables successfully acquired and loaded
Sep 09 11:34:23 st5.os3.su kernel: Security Framework initialized
Sep 09 11:34:23 st5.os3.su kernel: Yama: becoming mindful.
Sep 09 11:34:23 st5.os3.su kernel: AppArmor: AppArmor initialized
Sep 09 11:34:23 st5.os3.su kernel: Dentry cache hash table entries: 1048576 (order: 11, 8388608 bytes)
Sep 09 11:34:23 st5.os3.su kernel: Inode-cache hash table entries: 524288 (order: 10, 4194304 bytes)
Sep 09 11:34:23 st5.os3.su kernel: Mount-cache hash table entries: 16384 (order: 5, 131072 bytes)
Sep 09 11:34:23 st5.os3.su kernel: Mountpoint-cache hash table entries: 16384 (order: 5, 131072 bytes)
Sep 09 11:34:23 st5.os3.su kernel: Initializing cgroup subsys io
Sep 09 11:34:23 st5.os3.su kernel: Initializing cgroup subsys memory
Sep 09 11:34:23 st5.os3.su kernel: Initializing cgroup subsys devices
Sep 09 11:34:23 st5.os3.su kernel: Initializing cgroup subsys freezer
Sep 09 11:34:23 st5.os3.su kernel: Initializing cgroup subsys net_cls
Sep 09 11:34:23 st5.os3.su kernel: Initializing cgroup subsys perf_event
Sep 09 11:34:23 st5.os3.su kernel: Initializing cgroup subsys net_prio
Sep 09 11:34:23 st5.os3.su kernel: Initializing cgroup subsys hugetlb
Sep 09 11:34:23 st5.os3.su kernel: Initializing cgroup subsys pids
Sep 09 11:34:23 st5.os3.su kernel: CPU: Physical Processor ID: 0
Sep 09 11:34:23 st5.os3.su kernel: CPU: Processor Core ID: 0
Sep 09 11:34:23 st5.os3.su kernel: ENERGY_PERF_BIAS: Set to 'normal', was 'performance'
Sep 09 11:34:23 st5.os3.su kernel: ENERGY_PERF_BIAS: View and update with x86_energy_perf_policy(8)
Sep 09 11:34:23 st5.os3.su kernel: mce: CPU supports 9 MCE banks
Sep 09 11:34:23 st5.os3.su kernel: CPU0: Thermal monitoring enabled (TM1)
Sep 09 11:34:23 st5.os3.su kernel: process: using mwait in idle threads
Sep 09 11:34:23 st5.os3.su kernel: Last level iTLB entries: 4KB 1024, 2MB 1024, 4MB 1024
Sep 09 11:34:23 st5.os3.su kernel: Last level dTLB entries: 4KB 1024, 2MB 1024, 4MB 1024, 1GB 4
Sep 09 11:34:23 st5.os3.su kernel: Freeing SMP alternatives memory: 28K (ffffffff820b4000 - ffffffff820bb000)
Sep 09 11:34:23 st5.os3.su kernel: ftrace: allocating 31996 entries in 125 pages
Sep 09 11:34:23 st5.os3.su kernel: smpboot: Max logical packages: 1
Sep 09 11:34:23 st5.os3.su kernel: smpboot: APIC(0) Converting physical 0 to logical package 0
Sep 09 11:34:23 st5.os3.su kernel: x2apic: IRQ remapping doesn't support X2APIC mode
Sep 09 11:34:23 st5.os3.su kernel: ..TIMER: vector=0x30 apic1=0 pin1=2 apic2=0 pin2=0
Sep 09 11:34:23 st5.os3.su kernel: TSC deadline timer enabled
Sep 09 11:34:23 st5.os3.su kernel: smpboot: CPU0: Intel(R) Core(TM) i5-4590 CPU @ 3.30GHz (family: 0x6, model: 0x3c, stepping: 0x3)
Sep 09 11:34:23 st5.os3.su kernel: Performance Events: PEBS fmt2+, 16-deep LBR, Haswell events, full-width counters, Intel PMU driver.
Sep 09 11:34:23 st5.os3.su kernel: ... version:                3
Sep 09 11:34:23 st5.os3.su kernel: ... bit width:              48
Sep 09 11:34:23 st5.os3.su kernel: ... generic registers:      8
Sep 09 11:34:23 st5.os3.su kernel: ... value mask:             0000ffffffffffff
Sep 09 11:34:23 st5.os3.su kernel: ... max period:             0000ffffffffffff
Sep 09 11:34:23 st5.os3.su kernel: ... fixed-purpose events:   3
Sep 09 11:34:23 st5.os3.su kernel: ... event mask:             00000007000000ff
Sep 09 11:34:23 st5.os3.su kernel: x86: Booting SMP configuration:
Sep 09 11:34:23 st5.os3.su kernel: .... node  #0, CPUs:      #1
Sep 09 11:34:23 st5.os3.su kernel: NMI watchdog: enabled on all CPUs, permanently consumes one hw-PMU counter.
Sep 09 11:34:23 st5.os3.su kernel:  #2 #3
Sep 09 11:34:23 st5.os3.su kernel: x86: Booted up 1 node, 4 CPUs
Sep 09 11:34:23 st5.os3.su kernel: smpboot: Total of 4 processors activated (26338.96 BogoMIPS)
Sep 09 11:34:23 st5.os3.su kernel: devtmpfs: initialized
Sep 09 11:34:23 st5.os3.su kernel: evm: security.selinux
Sep 09 11:34:23 st5.os3.su kernel: evm: security.SMACK64
Sep 09 11:34:23 st5.os3.su kernel: evm: security.SMACK64EXEC
Sep 09 11:34:23 st5.os3.su kernel: evm: security.SMACK64TRANSMUTE
Sep 09 11:34:23 st5.os3.su kernel: evm: security.SMACK64MMAP
Sep 09 11:34:23 st5.os3.su kernel: evm: security.ima
Sep 09 11:34:23 st5.os3.su kernel: evm: security.capability
Sep 09 11:34:23 st5.os3.su kernel: PM: Registering ACPI NVS region [mem 0xb87a5000-0xb87abfff] (28672 bytes)
Sep 09 11:34:23 st5.os3.su kernel: PM: Registering ACPI NVS region [mem 0xcb921000-0xcba0cfff] (966656 bytes)
Sep 09 11:34:23 st5.os3.su kernel: clocksource: jiffies: mask: 0xffffffff max_cycles: 0xffffffff, max_idle_ns: 7645041785100000 ns
Sep 09 11:34:23 st5.os3.su kernel: pinctrl core: initialized pinctrl subsystem
Sep 09 11:34:23 st5.os3.su kernel: RTC time:  8:34:16, date: 09/09/16
Sep 09 11:34:23 st5.os3.su kernel: NET: Registered protocol family 16
Sep 09 11:34:23 st5.os3.su kernel: cpuidle: using governor ladder
Sep 09 11:34:23 st5.os3.su kernel: cpuidle: using governor menu
Sep 09 11:34:23 st5.os3.su kernel: PCCT header not found.
Sep 09 11:34:23 st5.os3.su kernel: ACPI FADT declares the system doesn't support PCIe ASPM, so disable it
Sep 09 11:34:23 st5.os3.su kernel: ACPI: bus type PCI registered
Sep 09 11:34:23 st5.os3.su kernel: acpiphp: ACPI Hot Plug PCI Controller Driver version: 0.5
Sep 09 11:34:23 st5.os3.su kernel: PCI: MMCONFIG for domain 0000 [bus 00-3f] at [mem 0xf8000000-0xfbffffff] (base 0xf8000000)
Sep 09 11:34:23 st5.os3.su kernel: PCI: MMCONFIG at [mem 0xf8000000-0xfbffffff] reserved in E820
Sep 09 11:34:23 st5.os3.su kernel: pmd_set_huge: Cannot satisfy [mem 0xf8000000-0xf8200000] with a huge-page mapping due to MTRR override.
Sep 09 11:34:23 st5.os3.su kernel: PCI: Using configuration type 1 for base access
Sep 09 11:34:23 st5.os3.su kernel: NMI watchdog: enabled on all CPUs, permanently consumes one hw-PMU counter.
Sep 09 11:34:23 st5.os3.su kernel: core: PMU erratum BJ122, BV98, HSD29 workaround disabled, HT off
Sep 09 11:34:23 st5.os3.su kernel: ACPI: Added _OSI(Module Device)
Sep 09 11:34:23 st5.os3.su kernel: ACPI: Added _OSI(Processor Device)
Sep 09 11:34:23 st5.os3.su kernel: ACPI: Added _OSI(3.0 _SCP Extensions)
Sep 09 11:34:23 st5.os3.su kernel: ACPI: Added _OSI(Processor Aggregator Device)
Sep 09 11:34:23 st5.os3.su kernel: ACPI: Executed 1 blocks of module-level executable AML code
Sep 09 11:34:23 st5.os3.su kernel: [Firmware Bug]: ACPI: BIOS _OSI(Linux) query ignored
Sep 09 11:34:23 st5.os3.su kernel: ACPI: Dynamic OEM Table Load:
Sep 09 11:34:23 st5.os3.su kernel: ACPI: SSDT 0xFFFF880224D8EC00 0003D3 (v01 PmRef  Cpu0Cst  00003001 INTL 20120711)
Sep 09 11:34:23 st5.os3.su kernel: ACPI: Dynamic OEM Table Load:
Sep 09 11:34:23 st5.os3.su kernel: ACPI: SSDT 0xFFFF8802253CA000 0005AA (v01 PmRef  ApIst    00003000 INTL 20120711)
Sep 09 11:34:23 st5.os3.su kernel: ACPI: Dynamic OEM Table Load:
Sep 09 11:34:23 st5.os3.su kernel: ACPI: SSDT 0xFFFF88022532BC00 000119 (v01 PmRef  ApCst    00003000 INTL 20120711)
Sep 09 11:34:23 st5.os3.su kernel: ACPI: Interpreter enabled
Sep 09 11:34:23 st5.os3.su kernel: ACPI Exception: AE_NOT_FOUND, While evaluating Sleep State [\_S1_] (20150930/hwxface-580)
Sep 09 11:34:23 st5.os3.su kernel: ACPI Exception: AE_NOT_FOUND, While evaluating Sleep State [\_S2_] (20150930/hwxface-580)
Sep 09 11:34:23 st5.os3.su kernel: ACPI: (supports S0 S3 S4 S5)
Sep 09 11:34:23 st5.os3.su kernel: ACPI: Using IOAPIC for interrupt routing
Sep 09 11:34:23 st5.os3.su kernel: PCI: Using host bridge windows from ACPI; if necessary, use "pci=nocrs" and report a bug
Sep 09 11:34:23 st5.os3.su kernel: ACPI: Power Resource [FN00] (off)
Sep 09 11:34:23 st5.os3.su kernel: ACPI: Power Resource [FN01] (off)
Sep 09 11:34:23 st5.os3.su kernel: ACPI: PCI Root Bridge [PCI0] (domain 0000 [bus 00-3e])
Sep 09 11:34:23 st5.os3.su kernel: acpi PNP0A08:00: _OSC: OS supports [ExtendedConfig ASPM ClockPM Segments MSI]
Sep 09 11:34:23 st5.os3.su kernel: acpi PNP0A08:00: _OSC: platform does not support [PCIeHotplug PME]
Sep 09 11:34:23 st5.os3.su kernel: acpi PNP0A08:00: _OSC: OS now controls [AER PCIeCapability]
Sep 09 11:34:23 st5.os3.su kernel: acpi PNP0A08:00: FADT indicates ASPM is unsupported, using BIOS configuration
Sep 09 11:34:23 st5.os3.su kernel: PCI host bridge to bus 0000:00
Sep 09 11:34:23 st5.os3.su kernel: pci_bus 0000:00: root bus resource [io  0x0000-0x0cf7 window]
Sep 09 11:34:23 st5.os3.su kernel: pci_bus 0000:00: root bus resource [io  0x0d00-0xffff window]
Sep 09 11:34:23 st5.os3.su kernel: pci_bus 0000:00: root bus resource [mem 0x000a0000-0x000bffff window]
Sep 09 11:34:23 st5.os3.su kernel: pci_bus 0000:00: root bus resource [mem 0x000d0000-0x000d3fff window]
Sep 09 11:34:23 st5.os3.su kernel: pci_bus 0000:00: root bus resource [mem 0x000d4000-0x000d7fff window]
Sep 09 11:34:23 st5.os3.su kernel: pci_bus 0000:00: root bus resource [mem 0x000d8000-0x000dbfff window]
Sep 09 11:34:23 st5.os3.su kernel: pci_bus 0000:00: root bus resource [mem 0x000dc000-0x000dffff window]
Sep 09 11:34:23 st5.os3.su kernel: pci_bus 0000:00: root bus resource [mem 0xcf200000-0xfeafffff window]
Sep 09 11:34:23 st5.os3.su kernel: pci_bus 0000:00: root bus resource [bus 00-3e]
Sep 09 11:34:23 st5.os3.su kernel: pci 0000:00:00.0: [8086:0c00] type 00 class 0x060000
Sep 09 11:34:23 st5.os3.su kernel: pci 0000:00:01.0: [8086:0c01] type 01 class 0x060400
Sep 09 11:34:23 st5.os3.su kernel: pci 0000:00:01.0: PME# supported from D0 D3hot D3cold
Sep 09 11:34:23 st5.os3.su kernel: pci 0000:00:01.0: System wakeup disabled by ACPI
Sep 09 11:34:23 st5.os3.su kernel: pci 0000:00:02.0: [8086:0412] type 00 class 0x038000
Sep 09 11:34:23 st5.os3.su kernel: pci 0000:00:02.0: reg 0x10: [mem 0xf7800000-0xf7bfffff 64bit]
Sep 09 11:34:23 st5.os3.su kernel: pci 0000:00:02.0: reg 0x18: [mem 0xd0000000-0xdfffffff 64bit pref]
Sep 09 11:34:23 st5.os3.su kernel: pci 0000:00:02.0: reg 0x20: [io  0xf000-0xf03f]
Sep 09 11:34:23 st5.os3.su kernel: pci 0000:00:03.0: [8086:0c0c] type 00 class 0x040300
Sep 09 11:34:23 st5.os3.su kernel: pci 0000:00:03.0: reg 0x10: [mem 0xf7d34000-0xf7d37fff 64bit]
Sep 09 11:34:23 st5.os3.su kernel: pci 0000:00:14.0: [8086:8c31] type 00 class 0x0c0330
Sep 09 11:34:23 st5.os3.su kernel: pci 0000:00:14.0: reg 0x10: [mem 0xf7d20000-0xf7d2ffff 64bit]
Sep 09 11:34:23 st5.os3.su kernel: pci 0000:00:14.0: PME# supported from D3hot D3cold
Sep 09 11:34:23 st5.os3.su kernel: pci 0000:00:14.0: System wakeup disabled by ACPI
Sep 09 11:34:23 st5.os3.su kernel: pci 0000:00:16.0: [8086:8c3a] type 00 class 0x078000
Sep 09 11:34:23 st5.os3.su kernel: pci 0000:00:16.0: reg 0x10: [mem 0xf7d40000-0xf7d4000f 64bit]
Sep 09 11:34:23 st5.os3.su kernel: pci 0000:00:16.0: PME# supported from D0 D3hot D3cold
Sep 09 11:34:23 st5.os3.su kernel: pci 0000:00:16.3: [8086:8c3d] type 00 class 0x070002
Sep 09 11:34:23 st5.os3.su kernel: pci 0000:00:16.3: reg 0x10: [io  0xf0e0-0xf0e7]
Sep 09 11:34:23 st5.os3.su kernel: pci 0000:00:16.3: reg 0x14: [mem 0xf7d3e000-0xf7d3efff]
Sep 09 11:34:23 st5.os3.su kernel: pci 0000:00:19.0: [8086:153a] type 00 class 0x020000
Sep 09 11:34:23 st5.os3.su kernel: pci 0000:00:19.0: reg 0x10: [mem 0xf7d00000-0xf7d1ffff]
Sep 09 11:34:23 st5.os3.su kernel: pci 0000:00:19.0: reg 0x14: [mem 0xf7d3d000-0xf7d3dfff]
Sep 09 11:34:23 st5.os3.su kernel: pci 0000:00:19.0: reg 0x18: [io  0xf080-0xf09f]
Sep 09 11:34:23 st5.os3.su kernel: pci 0000:00:19.0: PME# supported from D0 D3hot D3cold
Sep 09 11:34:23 st5.os3.su kernel: pci 0000:00:19.0: System wakeup disabled by ACPI
Sep 09 11:34:23 st5.os3.su kernel: pci 0000:00:1a.0: [8086:8c2d] type 00 class 0x0c0320
Sep 09 11:34:23 st5.os3.su kernel: pci 0000:00:1a.0: reg 0x10: [mem 0xf7d3c000-0xf7d3c3ff]
Sep 09 11:34:23 st5.os3.su kernel: pci 0000:00:1a.0: PME# supported from D0 D3hot D3cold
Sep 09 11:34:23 st5.os3.su kernel: pci 0000:00:1a.0: System wakeup disabled by ACPI
Sep 09 11:34:23 st5.os3.su kernel: pci 0000:00:1b.0: [8086:8c20] type 00 class 0x040300
Sep 09 11:34:23 st5.os3.su kernel: pci 0000:00:1b.0: reg 0x10: [mem 0xf7d30000-0xf7d33fff 64bit]
Sep 09 11:34:23 st5.os3.su kernel: pci 0000:00:1b.0: PME# supported from D0 D3hot D3cold
Sep 09 11:34:23 st5.os3.su kernel: pci 0000:00:1b.0: System wakeup disabled by ACPI
Sep 09 11:34:23 st5.os3.su kernel: pci 0000:00:1d.0: [8086:8c26] type 00 class 0x0c0320
Sep 09 11:34:23 st5.os3.su kernel: pci 0000:00:1d.0: reg 0x10: [mem 0xf7d3b000-0xf7d3b3ff]
Sep 09 11:34:23 st5.os3.su kernel: pci 0000:00:1d.0: PME# supported from D0 D3hot D3cold
Sep 09 11:34:23 st5.os3.su kernel: pci 0000:00:1d.0: System wakeup disabled by ACPI
Sep 09 11:34:23 st5.os3.su kernel: pci 0000:00:1f.0: [8086:8c4e] type 00 class 0x060100
Sep 09 11:34:23 st5.os3.su kernel: pci 0000:00:1f.2: [8086:8c02] type 00 class 0x010601
Sep 09 11:34:23 st5.os3.su kernel: pci 0000:00:1f.2: reg 0x10: [io  0xf0d0-0xf0d7]
Sep 09 11:34:23 st5.os3.su kernel: pci 0000:00:1f.2: reg 0x14: [io  0xf0c0-0xf0c3]
Sep 09 11:34:23 st5.os3.su kernel: pci 0000:00:1f.2: reg 0x18: [io  0xf0b0-0xf0b7]
Sep 09 11:34:23 st5.os3.su kernel: pci 0000:00:1f.2: reg 0x1c: [io  0xf0a0-0xf0a3]
Sep 09 11:34:23 st5.os3.su kernel: pci 0000:00:1f.2: reg 0x20: [io  0xf060-0xf07f]
Sep 09 11:34:23 st5.os3.su kernel: pci 0000:00:1f.2: reg 0x24: [mem 0xf7d3a000-0xf7d3a7ff]
Sep 09 11:34:23 st5.os3.su kernel: pci 0000:00:1f.2: PME# supported from D3hot
Sep 09 11:34:23 st5.os3.su kernel: pci 0000:00:1f.3: [8086:8c22] type 00 class 0x0c0500
Sep 09 11:34:23 st5.os3.su kernel: pci 0000:00:1f.3: reg 0x10: [mem 0xf7d39000-0xf7d390ff 64bit]
Sep 09 11:34:23 st5.os3.su kernel: pci 0000:00:1f.3: reg 0x20: [io  0xf040-0xf05f]
Sep 09 11:34:23 st5.os3.su kernel: pci 0000:01:00.0: [1002:6771] type 00 class 0x030000
Sep 09 11:34:23 st5.os3.su kernel: pci 0000:01:00.0: reg 0x10: [mem 0xe0000000-0xefffffff 64bit pref]
Sep 09 11:34:23 st5.os3.su kernel: pci 0000:01:00.0: reg 0x18: [mem 0xf7c20000-0xf7c3ffff 64bit]
Sep 09 11:34:23 st5.os3.su kernel: pci 0000:01:00.0: reg 0x20: [io  0xe000-0xe0ff]
Sep 09 11:34:23 st5.os3.su kernel: pci 0000:01:00.0: reg 0x30: [mem 0xf7c00000-0xf7c1ffff pref]
Sep 09 11:34:23 st5.os3.su kernel: pci 0000:01:00.0: supports D1 D2
Sep 09 11:34:23 st5.os3.su kernel: pci 0000:01:00.0: System wakeup disabled by ACPI
Sep 09 11:34:23 st5.os3.su kernel: pci 0000:01:00.1: [1002:aa98] type 00 class 0x040300
Sep 09 11:34:23 st5.os3.su kernel: pci 0000:01:00.1: reg 0x10: [mem 0xf7c40000-0xf7c43fff 64bit]
Sep 09 11:34:23 st5.os3.su kernel: pci 0000:01:00.1: supports D1 D2
Sep 09 11:34:23 st5.os3.su kernel: pci 0000:00:01.0: PCI bridge to [bus 01]
Sep 09 11:34:23 st5.os3.su kernel: pci 0000:00:01.0:   bridge window [io  0xe000-0xefff]
Sep 09 11:34:23 st5.os3.su kernel: pci 0000:00:01.0:   bridge window [mem 0xf7c00000-0xf7cfffff]
Sep 09 11:34:23 st5.os3.su kernel: pci 0000:00:01.0:   bridge window [mem 0xe0000000-0xefffffff 64bit pref]
Sep 09 11:34:23 st5.os3.su kernel: ACPI: PCI Interrupt Link [LNKA] (IRQs 3 4 5 6 10 *11 12 14 15)
Sep 09 11:34:23 st5.os3.su kernel: ACPI: PCI Interrupt Link [LNKB] (IRQs 3 4 5 6 *10 11 12 14 15)
Sep 09 11:34:23 st5.os3.su kernel: ACPI: PCI Interrupt Link [LNKC] (IRQs 3 4 *5 6 10 11 12 14 15)
Sep 09 11:34:23 st5.os3.su kernel: ACPI: PCI Interrupt Link [LNKD] (IRQs 3 4 *5 6 10 11 12 14 15)
Sep 09 11:34:23 st5.os3.su kernel: ACPI: PCI Interrupt Link [LNKE] (IRQs *3 4 5 6 10 11 12 14 15)
Sep 09 11:34:23 st5.os3.su kernel: ACPI: PCI Interrupt Link [LNKF] (IRQs 3 4 5 6 10 11 12 14 15) *0, disabled.
Sep 09 11:34:23 st5.os3.su kernel: ACPI: PCI Interrupt Link [LNKG] (IRQs 3 4 5 6 10 *11 12 14 15)
Sep 09 11:34:23 st5.os3.su kernel: ACPI: PCI Interrupt Link [LNKH] (IRQs 3 4 5 6 *10 11 12 14 15)
Sep 09 11:34:23 st5.os3.su kernel: ACPI: Enabled 4 GPEs in block 00 to 3F
Sep 09 11:34:23 st5.os3.su kernel: vgaarb: setting as boot device: PCI:0000:01:00.0
Sep 09 11:34:23 st5.os3.su kernel: vgaarb: device added: PCI:0000:01:00.0,decodes=io+mem,owns=io+mem,locks=none
Sep 09 11:34:23 st5.os3.su kernel: vgaarb: loaded
Sep 09 11:34:23 st5.os3.su kernel: vgaarb: bridge control possible 0000:01:00.0
Sep 09 11:34:23 st5.os3.su kernel: SCSI subsystem initialized
Sep 09 11:34:23 st5.os3.su kernel: libata version 3.00 loaded.
Sep 09 11:34:23 st5.os3.su kernel: ACPI: bus type USB registered
Sep 09 11:34:23 st5.os3.su kernel: usbcore: registered new interface driver usbfs
Sep 09 11:34:23 st5.os3.su kernel: usbcore: registered new interface driver hub
Sep 09 11:34:23 st5.os3.su kernel: usbcore: registered new device driver usb
Sep 09 11:34:23 st5.os3.su kernel: PCI: Using ACPI for IRQ routing
Sep 09 11:34:23 st5.os3.su kernel: PCI: pci_cache_line_size set to 64 bytes
Sep 09 11:34:23 st5.os3.su kernel: e820: reserve RAM buffer [mem 0x0004f000-0x0004ffff]
Sep 09 11:34:23 st5.os3.su kernel: e820: reserve RAM buffer [mem 0x0009e000-0x0009ffff]
Sep 09 11:34:23 st5.os3.su kernel: e820: reserve RAM buffer [mem 0xb87a5000-0xbbffffff]
Sep 09 11:34:23 st5.os3.su kernel: e820: reserve RAM buffer [mem 0xb8bf0000-0xbbffffff]
Sep 09 11:34:23 st5.os3.su kernel: e820: reserve RAM buffer [mem 0xcb877000-0xcbffffff]
Sep 09 11:34:23 st5.os3.su kernel: e820: reserve RAM buffer [mem 0x22ee00000-0x22fffffff]
Sep 09 11:34:23 st5.os3.su kernel: NetLabel: Initializing
Sep 09 11:34:23 st5.os3.su kernel: NetLabel:  domain hash size = 128
Sep 09 11:34:23 st5.os3.su kernel: NetLabel:  protocols = UNLABELED CIPSOv4
Sep 09 11:34:23 st5.os3.su kernel: NetLabel:  unlabeled traffic allowed by default
Sep 09 11:34:23 st5.os3.su kernel: hpet0: at MMIO 0xfed00000, IRQs 2, 8, 0, 0, 0, 0, 0, 0
Sep 09 11:34:23 st5.os3.su kernel: hpet0: 8 comparators, 64-bit 14.318180 MHz counter
Sep 09 11:34:23 st5.os3.su kernel: amd_nb: Cannot enumerate AMD northbridges
Sep 09 11:34:23 st5.os3.su kernel: clocksource: Switched to clocksource hpet
Sep 09 11:34:23 st5.os3.su kernel: AppArmor: AppArmor Filesystem Enabled
Sep 09 11:34:23 st5.os3.su kernel: pnp: PnP ACPI init
Sep 09 11:34:23 st5.os3.su kernel: system 00:00: [mem 0xfed40000-0xfed44fff] has been reserved
Sep 09 11:34:23 st5.os3.su kernel: system 00:00: Plug and Play ACPI device, IDs PNP0c01 (active)
Sep 09 11:34:23 st5.os3.su kernel: pnp 00:01: can't evaluate _CRS: 12311
Sep 09 11:34:23 st5.os3.su kernel: system 00:01: Plug and Play ACPI device, IDs PNP0c02 (active)
Sep 09 11:34:23 st5.os3.su kernel: pnp 00:02: Plug and Play ACPI device, IDs PNP0b00 (active)
Sep 09 11:34:23 st5.os3.su kernel: system 00:03: [io  0x1854-0x1857] has been reserved
Sep 09 11:34:23 st5.os3.su kernel: system 00:03: Plug and Play ACPI device, IDs INT3f0d PNP0c02 (active)
Sep 09 11:34:23 st5.os3.su kernel: system 00:04: [io  0x0a20-0x0a3f] has been reserved
Sep 09 11:34:23 st5.os3.su kernel: system 00:04: [io  0x0a10-0x0a1f] has been reserved
Sep 09 11:34:23 st5.os3.su kernel: system 00:04: Plug and Play ACPI device, IDs PNP0c02 (active)
Sep 09 11:34:23 st5.os3.su kernel: pnp 00:05: Plug and Play ACPI device, IDs PNP0303 PNP030b (active)
Sep 09 11:34:23 st5.os3.su kernel: pnp 00:06: Plug and Play ACPI device, IDs PNP0f03 PNP0f13 (active)
Sep 09 11:34:23 st5.os3.su kernel: system 00:07: [io  0x04d0-0x04d1] has been reserved
Sep 09 11:34:23 st5.os3.su kernel: system 00:07: Plug and Play ACPI device, IDs PNP0c02 (active)
Sep 09 11:34:23 st5.os3.su kernel: pnp 00:08: [dma 0 disabled]
Sep 09 11:34:23 st5.os3.su kernel: pnp 00:08: Plug and Play ACPI device, IDs PNP0501 (active)
Sep 09 11:34:23 st5.os3.su kernel: pnp 00:09: Plug and Play ACPI device, IDs IFX0102 PNP0c31 (active)
Sep 09 11:34:23 st5.os3.su kernel: system 00:0a: [mem 0xfed1c000-0xfed1ffff] has been reserved
Sep 09 11:34:23 st5.os3.su kernel: system 00:0a: [mem 0xfed10000-0xfed17fff] has been reserved
Sep 09 11:34:23 st5.os3.su kernel: system 00:0a: [mem 0xfed18000-0xfed18fff] has been reserved
Sep 09 11:34:23 st5.os3.su kernel: system 00:0a: [mem 0xfed19000-0xfed19fff] has been reserved
Sep 09 11:34:23 st5.os3.su kernel: system 00:0a: [mem 0xf8000000-0xfbffffff] has been reserved
Sep 09 11:34:23 st5.os3.su kernel: system 00:0a: [mem 0xfed20000-0xfed3ffff] has been reserved
Sep 09 11:34:23 st5.os3.su kernel: system 00:0a: [mem 0xfed90000-0xfed93fff] has been reserved
Sep 09 11:34:23 st5.os3.su kernel: system 00:0a: [mem 0xfed45000-0xfed8ffff] has been reserved
Sep 09 11:34:23 st5.os3.su kernel: system 00:0a: [mem 0xff000000-0xffffffff] has been reserved
Sep 09 11:34:23 st5.os3.su kernel: system 00:0a: [mem 0xfee00000-0xfeefffff] could not be reserved
Sep 09 11:34:23 st5.os3.su kernel: system 00:0a: [mem 0xf7fdf000-0xf7fdffff] has been reserved
Sep 09 11:34:23 st5.os3.su kernel: system 00:0a: [mem 0xf7fe0000-0xf7feffff] has been reserved
Sep 09 11:34:23 st5.os3.su kernel: system 00:0a: Plug and Play ACPI device, IDs PNP0c02 (active)
Sep 09 11:34:23 st5.os3.su kernel: pnp: PnP ACPI: found 11 devices
Sep 09 11:34:23 st5.os3.su kernel: clocksource: acpi_pm: mask: 0xffffff max_cycles: 0xffffff, max_idle_ns: 2085701024 ns
Sep 09 11:34:23 st5.os3.su kernel: pci 0000:00:01.0: PCI bridge to [bus 01]
Sep 09 11:34:23 st5.os3.su kernel: pci 0000:00:01.0:   bridge window [io  0xe000-0xefff]
Sep 09 11:34:23 st5.os3.su kernel: pci 0000:00:01.0:   bridge window [mem 0xf7c00000-0xf7cfffff]
Sep 09 11:34:23 st5.os3.su kernel: pci 0000:00:01.0:   bridge window [mem 0xe0000000-0xefffffff 64bit pref]
Sep 09 11:34:23 st5.os3.su kernel: pci_bus 0000:00: resource 4 [io  0x0000-0x0cf7 window]
Sep 09 11:34:23 st5.os3.su kernel: pci_bus 0000:00: resource 5 [io  0x0d00-0xffff window]
Sep 09 11:34:23 st5.os3.su kernel: pci_bus 0000:00: resource 6 [mem 0x000a0000-0x000bffff window]
Sep 09 11:34:23 st5.os3.su kernel: pci_bus 0000:00: resource 7 [mem 0x000d0000-0x000d3fff window]
Sep 09 11:34:23 st5.os3.su kernel: pci_bus 0000:00: resource 8 [mem 0x000d4000-0x000d7fff window]
Sep 09 11:34:23 st5.os3.su kernel: pci_bus 0000:00: resource 9 [mem 0x000d8000-0x000dbfff window]
Sep 09 11:34:23 st5.os3.su kernel: pci_bus 0000:00: resource 10 [mem 0x000dc000-0x000dffff window]
Sep 09 11:34:23 st5.os3.su kernel: pci_bus 0000:00: resource 11 [mem 0xcf200000-0xfeafffff window]
Sep 09 11:34:23 st5.os3.su kernel: pci_bus 0000:01: resource 0 [io  0xe000-0xefff]
Sep 09 11:34:23 st5.os3.su kernel: pci_bus 0000:01: resource 1 [mem 0xf7c00000-0xf7cfffff]
Sep 09 11:34:23 st5.os3.su kernel: pci_bus 0000:01: resource 2 [mem 0xe0000000-0xefffffff 64bit pref]
Sep 09 11:34:23 st5.os3.su kernel: NET: Registered protocol family 2
Sep 09 11:34:23 st5.os3.su kernel: TCP established hash table entries: 65536 (order: 7, 524288 bytes)
Sep 09 11:34:23 st5.os3.su kernel: TCP bind hash table entries: 65536 (order: 8, 1048576 bytes)
Sep 09 11:34:23 st5.os3.su kernel: TCP: Hash tables configured (established 65536 bind 65536)
Sep 09 11:34:23 st5.os3.su kernel: UDP hash table entries: 4096 (order: 5, 131072 bytes)
Sep 09 11:34:23 st5.os3.su kernel: UDP-Lite hash table entries: 4096 (order: 5, 131072 bytes)
Sep 09 11:34:23 st5.os3.su kernel: NET: Registered protocol family 1
Sep 09 11:34:23 st5.os3.su kernel: pci 0000:01:00.0: Video device with shadowed ROM
Sep 09 11:34:23 st5.os3.su kernel: PCI: CLS 64 bytes, default 64
Sep 09 11:34:23 st5.os3.su kernel: Trying to unpack rootfs image as initramfs...
Sep 09 11:34:23 st5.os3.su kernel: Freeing initrd memory: 35080K (ffff880033b6c000 - ffff880035dae000)
Sep 09 11:34:23 st5.os3.su kernel: PCI-DMA: Using software bounce buffering for IO (SWIOTLB)
Sep 09 11:34:23 st5.os3.su kernel: software IO TLB [mem 0xb47a5000-0xb87a5000] (64MB) mapped at [ffff8800b47a5000-ffff8800b87a4fff]
Sep 09 11:34:23 st5.os3.su kernel: RAPL PMU detected, API unit is 2^-32 Joules, 4 fixed counters 655360 ms ovfl timer
Sep 09 11:34:23 st5.os3.su kernel: hw unit of domain pp0-core 2^-14 Joules
Sep 09 11:34:23 st5.os3.su kernel: hw unit of domain package 2^-14 Joules
Sep 09 11:34:23 st5.os3.su kernel: hw unit of domain dram 2^-14 Joules
Sep 09 11:34:23 st5.os3.su kernel: hw unit of domain pp1-gpu 2^-14 Joules
Sep 09 11:34:23 st5.os3.su kernel: Scanning for low memory corruption every 60 seconds
Sep 09 11:34:23 st5.os3.su kernel: futex hash table entries: 1024 (order: 4, 65536 bytes)
Sep 09 11:34:23 st5.os3.su kernel: audit: initializing netlink subsys (disabled)
Sep 09 11:34:23 st5.os3.su kernel: audit: type=2000 audit(1473410056.572:1): initialized
Sep 09 11:34:23 st5.os3.su kernel: Initialise system trusted keyring
Sep 09 11:34:23 st5.os3.su kernel: HugeTLB registered 1 GB page size, pre-allocated 0 pages
Sep 09 11:34:23 st5.os3.su kernel: HugeTLB registered 2 MB page size, pre-allocated 0 pages
Sep 09 11:34:23 st5.os3.su kernel: zbud: loaded
Sep 09 11:34:23 st5.os3.su kernel: VFS: Disk quotas dquot_6.6.0
Sep 09 11:34:23 st5.os3.su kernel: VFS: Dquot-cache hash table entries: 512 (order 0, 4096 bytes)
Sep 09 11:34:23 st5.os3.su kernel: squashfs: version 4.0 (2009/01/31) Phillip Lougher
Sep 09 11:34:23 st5.os3.su kernel: fuse init (API version 7.23)
Sep 09 11:34:23 st5.os3.su kernel: Key type big_key registered
Sep 09 11:34:23 st5.os3.su kernel: Allocating IMA MOK and blacklist keyrings.
Sep 09 11:34:23 st5.os3.su kernel: Key type asymmetric registered
Sep 09 11:34:23 st5.os3.su kernel: Asymmetric key parser 'x509' registered
Sep 09 11:34:23 st5.os3.su kernel: Block layer SCSI generic (bsg) driver version 0.4 loaded (major 249)
Sep 09 11:34:23 st5.os3.su kernel: io scheduler noop registered
Sep 09 11:34:23 st5.os3.su kernel: io scheduler deadline registered (default)
Sep 09 11:34:23 st5.os3.su kernel: io scheduler cfq registered
Sep 09 11:34:23 st5.os3.su kernel: pci_hotplug: PCI Hot Plug PCI Core version: 0.5
Sep 09 11:34:23 st5.os3.su kernel: pciehp: PCI Express Hot Plug Controller Driver version: 0.4
Sep 09 11:34:23 st5.os3.su kernel: intel_idle: MWAIT substates: 0x42120
Sep 09 11:34:23 st5.os3.su kernel: intel_idle: v0.4.1 model 0x3C
Sep 09 11:34:23 st5.os3.su kernel: intel_idle: lapic_timer_reliable_states 0xffffffff
Sep 09 11:34:23 st5.os3.su kernel: input: Power Button as /devices/LNXSYSTM:00/LNXSYBUS:00/PNP0C0C:00/input/input0
Sep 09 11:34:23 st5.os3.su kernel: ACPI: Power Button [PWRB]
Sep 09 11:34:23 st5.os3.su kernel: input: Power Button as /devices/LNXSYSTM:00/LNXPWRBN:00/input/input1
Sep 09 11:34:23 st5.os3.su kernel: ACPI: Power Button [PWRF]
Sep 09 11:34:23 st5.os3.su kernel: ACPI: Invalid active2 threshold
Sep 09 11:34:23 st5.os3.su kernel: thermal LNXTHERM:00: registered as thermal_zone0
Sep 09 11:34:23 st5.os3.su kernel: ACPI: Thermal Zone [TZ00] (28 C)
Sep 09 11:34:23 st5.os3.su kernel: thermal LNXTHERM:01: registered as thermal_zone1
Sep 09 11:34:23 st5.os3.su kernel: ACPI: Thermal Zone [TZ01] (30 C)
Sep 09 11:34:23 st5.os3.su kernel: GHES: HEST is not enabled!
Sep 09 11:34:23 st5.os3.su kernel: Serial: 8250/16550 driver, 32 ports, IRQ sharing enabled
Sep 09 11:34:23 st5.os3.su kernel: 00:08: ttyS0 at I/O 0x3f8 (irq = 4, base_baud = 115200) is a 16550A
Sep 09 11:34:23 st5.os3.su kernel: serial 0000:00:16.3: enabling device (0000 -> 0003)
Sep 09 11:34:23 st5.os3.su kernel: 0000:00:16.3: ttyS4 at I/O 0xf0e0 (irq = 19, base_baud = 115200) is a 16550A
Sep 09 11:34:23 st5.os3.su kernel: Linux agpgart interface v0.103
Sep 09 11:34:23 st5.os3.su kernel: tpm_tis 00:09: 1.2 TPM (device-id 0xB, rev-id 16)
Sep 09 11:34:23 st5.os3.su kernel: tpm_tis 00:09: TPM is disabled/deactivated (0x7)
Sep 09 11:34:23 st5.os3.su kernel: brd: module loaded
Sep 09 11:34:23 st5.os3.su kernel: loop: module loaded
Sep 09 11:34:23 st5.os3.su kernel: libphy: Fixed MDIO Bus: probed
Sep 09 11:34:23 st5.os3.su kernel: tun: Universal TUN/TAP device driver, 1.6
Sep 09 11:34:23 st5.os3.su kernel: tun: (C) 1999-2004 Max Krasnyansky <maxk@qualcomm.com>
Sep 09 11:34:23 st5.os3.su kernel: PPP generic driver version 2.4.2
Sep 09 11:34:23 st5.os3.su kernel: ehci_hcd: USB 2.0 'Enhanced' Host Controller (EHCI) Driver
Sep 09 11:34:23 st5.os3.su kernel: ehci-pci: EHCI PCI platform driver
Sep 09 11:34:23 st5.os3.su kernel: ehci-pci 0000:00:1a.0: EHCI Host Controller
Sep 09 11:34:23 st5.os3.su kernel: ehci-pci 0000:00:1a.0: new USB bus registered, assigned bus number 1
Sep 09 11:34:23 st5.os3.su kernel: ehci-pci 0000:00:1a.0: debug port 2
Sep 09 11:34:23 st5.os3.su kernel: ehci-pci 0000:00:1a.0: cache line size of 64 is not supported
Sep 09 11:34:23 st5.os3.su kernel: ehci-pci 0000:00:1a.0: irq 16, io mem 0xf7d3c000
Sep 09 11:34:23 st5.os3.su kernel: ehci-pci 0000:00:1a.0: USB 2.0 started, EHCI 1.00
Sep 09 11:34:23 st5.os3.su kernel: usb usb1: New USB device found, idVendor=1d6b, idProduct=0002
Sep 09 11:34:23 st5.os3.su kernel: usb usb1: New USB device strings: Mfr=3, Product=2, SerialNumber=1
Sep 09 11:34:23 st5.os3.su kernel: usb usb1: Product: EHCI Host Controller
Sep 09 11:34:23 st5.os3.su kernel: usb usb1: Manufacturer: Linux 4.4.0-36-generic ehci_hcd
Sep 09 11:34:23 st5.os3.su kernel: usb usb1: SerialNumber: 0000:00:1a.0
Sep 09 11:34:23 st5.os3.su kernel: hub 1-0:1.0: USB hub found
Sep 09 11:34:23 st5.os3.su kernel: hub 1-0:1.0: 3 ports detected
Sep 09 11:34:23 st5.os3.su kernel: ehci-pci 0000:00:1d.0: EHCI Host Controller
Sep 09 11:34:23 st5.os3.su kernel: ehci-pci 0000:00:1d.0: new USB bus registered, assigned bus number 2
Sep 09 11:34:23 st5.os3.su kernel: ehci-pci 0000:00:1d.0: debug port 2
Sep 09 11:34:23 st5.os3.su kernel: ehci-pci 0000:00:1d.0: cache line size of 64 is not supported
Sep 09 11:34:23 st5.os3.su kernel: ehci-pci 0000:00:1d.0: irq 23, io mem 0xf7d3b000
Sep 09 11:34:23 st5.os3.su kernel: ehci-pci 0000:00:1d.0: USB 2.0 started, EHCI 1.00
Sep 09 11:34:23 st5.os3.su kernel: usb usb2: New USB device found, idVendor=1d6b, idProduct=0002
Sep 09 11:34:23 st5.os3.su kernel: usb usb2: New USB device strings: Mfr=3, Product=2, SerialNumber=1
Sep 09 11:34:23 st5.os3.su kernel: usb usb2: Product: EHCI Host Controller
Sep 09 11:34:23 st5.os3.su kernel: usb usb2: Manufacturer: Linux 4.4.0-36-generic ehci_hcd
Sep 09 11:34:23 st5.os3.su kernel: usb usb2: SerialNumber: 0000:00:1d.0
Sep 09 11:34:23 st5.os3.su kernel: hub 2-0:1.0: USB hub found
Sep 09 11:34:23 st5.os3.su kernel: hub 2-0:1.0: 3 ports detected
Sep 09 11:34:23 st5.os3.su kernel: ehci-platform: EHCI generic platform driver
Sep 09 11:34:23 st5.os3.su kernel: ohci_hcd: USB 1.1 'Open' Host Controller (OHCI) Driver
Sep 09 11:34:23 st5.os3.su kernel: ohci-pci: OHCI PCI platform driver
Sep 09 11:34:23 st5.os3.su kernel: ohci-platform: OHCI generic platform driver
Sep 09 11:34:23 st5.os3.su kernel: uhci_hcd: USB Universal Host Controller Interface driver
Sep 09 11:34:23 st5.os3.su kernel: xhci_hcd 0000:00:14.0: xHCI Host Controller
Sep 09 11:34:23 st5.os3.su kernel: xhci_hcd 0000:00:14.0: new USB bus registered, assigned bus number 3
Sep 09 11:34:23 st5.os3.su kernel: xhci_hcd 0000:00:14.0: hcc params 0x200077c1 hci version 0x100 quirks 0x00009810
Sep 09 11:34:23 st5.os3.su kernel: xhci_hcd 0000:00:14.0: cache line size of 64 is not supported
Sep 09 11:34:23 st5.os3.su kernel: usb usb3: New USB device found, idVendor=1d6b, idProduct=0002
Sep 09 11:34:23 st5.os3.su kernel: usb usb3: New USB device strings: Mfr=3, Product=2, SerialNumber=1
Sep 09 11:34:23 st5.os3.su kernel: usb usb3: Product: xHCI Host Controller
Sep 09 11:34:23 st5.os3.su kernel: usb usb3: Manufacturer: Linux 4.4.0-36-generic xhci-hcd
Sep 09 11:34:23 st5.os3.su kernel: usb usb3: SerialNumber: 0000:00:14.0
Sep 09 11:34:23 st5.os3.su kernel: hub 3-0:1.0: USB hub found
Sep 09 11:34:23 st5.os3.su kernel: hub 3-0:1.0: 15 ports detected
Sep 09 11:34:23 st5.os3.su kernel: xhci_hcd 0000:00:14.0: xHCI Host Controller
Sep 09 11:34:23 st5.os3.su kernel: xhci_hcd 0000:00:14.0: new USB bus registered, assigned bus number 4
Sep 09 11:34:23 st5.os3.su kernel: usb usb4: New USB device found, idVendor=1d6b, idProduct=0003
Sep 09 11:34:23 st5.os3.su kernel: usb usb4: New USB device strings: Mfr=3, Product=2, SerialNumber=1
Sep 09 11:34:23 st5.os3.su kernel: usb usb4: Product: xHCI Host Controller
Sep 09 11:34:23 st5.os3.su kernel: usb usb4: Manufacturer: Linux 4.4.0-36-generic xhci-hcd
Sep 09 11:34:23 st5.os3.su kernel: usb usb4: SerialNumber: 0000:00:14.0
Sep 09 11:34:23 st5.os3.su kernel: hub 4-0:1.0: USB hub found
Sep 09 11:34:23 st5.os3.su kernel: hub 4-0:1.0: 6 ports detected
Sep 09 11:34:23 st5.os3.su kernel: usb: port power management may be unreliable
Sep 09 11:34:23 st5.os3.su kernel: i8042: PNP: PS/2 Controller [PNP0303:PS2K,PNP0f03:PS2M] at 0x60,0x64 irq 1,12
Sep 09 11:34:23 st5.os3.su kernel: serio: i8042 KBD port at 0x60,0x64 irq 1
Sep 09 11:34:23 st5.os3.su kernel: serio: i8042 AUX port at 0x60,0x64 irq 12
Sep 09 11:34:23 st5.os3.su kernel: mousedev: PS/2 mouse device common for all mice
Sep 09 11:34:23 st5.os3.su kernel: rtc_cmos 00:02: RTC can wake from S4
Sep 09 11:34:23 st5.os3.su kernel: rtc_cmos 00:02: rtc core: registered rtc_cmos as rtc0
Sep 09 11:34:23 st5.os3.su kernel: rtc_cmos 00:02: alarms up to one month, y3k, 242 bytes nvram, hpet irqs
Sep 09 11:34:23 st5.os3.su kernel: i2c /dev entries driver
Sep 09 11:34:23 st5.os3.su kernel: device-mapper: uevent: version 1.0.3
Sep 09 11:34:23 st5.os3.su kernel: device-mapper: ioctl: 4.34.0-ioctl (2015-10-28) initialised: dm-devel@redhat.com
Sep 09 11:34:23 st5.os3.su kernel: Intel P-state driver initializing.
Sep 09 11:34:23 st5.os3.su kernel: ledtrig-cpu: registered to indicate activity on CPUs
Sep 09 11:34:23 st5.os3.su kernel: EFI Variables Facility v0.08 2004-May-17
Sep 09 11:34:23 st5.os3.su kernel: NET: Registered protocol family 10
Sep 09 11:34:23 st5.os3.su kernel: NET: Registered protocol family 17
Sep 09 11:34:23 st5.os3.su kernel: Key type dns_resolver registered
Sep 09 11:34:23 st5.os3.su kernel: microcode: CPU0 sig=0x306c3, pf=0x2, revision=0x1a
Sep 09 11:34:23 st5.os3.su kernel: microcode: CPU1 sig=0x306c3, pf=0x2, revision=0x1a
Sep 09 11:34:23 st5.os3.su kernel: microcode: CPU2 sig=0x306c3, pf=0x2, revision=0x1a
Sep 09 11:34:23 st5.os3.su kernel: microcode: CPU3 sig=0x306c3, pf=0x2, revision=0x1a
Sep 09 11:34:23 st5.os3.su kernel: microcode: Microcode Update Driver: v2.01 <tigran@aivazian.fsnet.co.uk>, Peter Oruba
Sep 09 11:34:23 st5.os3.su kernel: registered taskstats version 1
Sep 09 11:34:23 st5.os3.su kernel: Loading compiled-in X.509 certificates
Sep 09 11:34:23 st5.os3.su kernel: Loaded X.509 cert 'Build time autogenerated kernel key: 181cd957879f68b474ab1d0c92722cd44e756f77'
Sep 09 11:34:23 st5.os3.su kernel: zswap: loaded using pool lzo/zbud
Sep 09 11:34:23 st5.os3.su kernel: Key type trusted registered
Sep 09 11:34:23 st5.os3.su kernel: Key type encrypted registered
Sep 09 11:34:23 st5.os3.su kernel: AppArmor: AppArmor sha1 policy hashing enabled
Sep 09 11:34:23 st5.os3.su kernel: tpm_tis 00:09: A TPM error (7) occurred attempting to read a pcr value
Sep 09 11:34:23 st5.os3.su kernel: ima: No TPM chip found, activating TPM-bypass!
Sep 09 11:34:23 st5.os3.su kernel: evm: HMAC attrs: 0x1
Sep 09 11:34:23 st5.os3.su kernel:   Magic number: 0:570:573
Sep 09 11:34:23 st5.os3.su kernel: event_source intel_bts: hash matches
Sep 09 11:34:23 st5.os3.su kernel: rtc_cmos 00:02: setting system clock to 2016-09-09 08:34:17 UTC (1473410057)
Sep 09 11:34:23 st5.os3.su kernel: BIOS EDD facility v0.16 2004-Jun-25, 0 devices found
Sep 09 11:34:23 st5.os3.su kernel: EDD information not available.
Sep 09 11:34:23 st5.os3.su kernel: PM: Hibernation image not present or could not be loaded.
Sep 09 11:34:23 st5.os3.su kernel: Freeing unused kernel memory: 1480K (ffffffff81f42000 - ffffffff820b4000)
Sep 09 11:34:23 st5.os3.su kernel: Write protecting the kernel read-only data: 14336k
Sep 09 11:34:23 st5.os3.su kernel: Freeing unused kernel memory: 1832K (ffff880002836000 - ffff880002a00000)
Sep 09 11:34:23 st5.os3.su kernel: Freeing unused kernel memory: 152K (ffff880002dda000 - ffff880002e00000)
Sep 09 11:34:23 st5.os3.su kernel: random: systemd-udevd urandom read with 4 bits of entropy available
Sep 09 11:34:23 st5.os3.su kernel: ACPI: Video Device [PEG0] (multi-head: yes  rom: no  post: no)
Sep 09 11:34:23 st5.os3.su kernel: input: Video Bus as /devices/LNXSYSTM:00/LNXSYBUS:00/PNP0A08:00/LNXVIDEO:00/input/input4
Sep 09 11:34:23 st5.os3.su kernel: ACPI: Video Device [VGA] (multi-head: yes  rom: no  post: no)
Sep 09 11:34:23 st5.os3.su kernel: acpi device:4f: registered as cooling_device6
Sep 09 11:34:23 st5.os3.su kernel: input: Video Bus as /devices/LNXSYSTM:00/LNXSYBUS:00/PNP0A08:00/LNXVIDEO:00/LNXVIDEO:01/input/input5
Sep 09 11:34:23 st5.os3.su kernel: [Firmware Bug]: Duplicate ACPI video bus devices for the same VGA controller, please try module parameter "video.allow_duplicates=1"if the current driver doesn't work.
Sep 09 11:34:23 st5.os3.su kernel: FUJITSU Extended Socket Network Device Driver - version 1.0 - Copyright (c) 2015 FUJITSU LIMITED
Sep 09 11:34:23 st5.os3.su kernel: wmi: Mapper loaded
Sep 09 11:34:23 st5.os3.su kernel: ahci 0000:00:1f.2: version 3.0
Sep 09 11:34:23 st5.os3.su kernel: ahci 0000:00:1f.2: AHCI 0001.0300 32 slots 5 ports 6 Gbps 0x5 impl SATA mode
Sep 09 11:34:23 st5.os3.su kernel: ahci 0000:00:1f.2: flags: 64bit ncq pm led clo pio slum part ems apst 
Sep 09 11:34:23 st5.os3.su kernel: [drm] Initialized drm 1.1.0 20060810
Sep 09 11:34:23 st5.os3.su kernel: pps_core: LinuxPPS API ver. 1 registered
Sep 09 11:34:23 st5.os3.su kernel: pps_core: Software ver. 5.3.6 - Copyright 2005-2007 Rodolfo Giometti <giometti@linux.it>
Sep 09 11:34:23 st5.os3.su kernel: PTP clock support registered
Sep 09 11:34:23 st5.os3.su kernel: e1000e: Intel(R) PRO/1000 Network Driver - 3.2.6-k
Sep 09 11:34:23 st5.os3.su kernel: e1000e: Copyright(c) 1999 - 2015 Intel Corporation.
Sep 09 11:34:23 st5.os3.su kernel: scsi host0: ahci
Sep 09 11:34:23 st5.os3.su kernel: scsi host1: ahci
Sep 09 11:34:23 st5.os3.su kernel: [drm] radeon kernel modesetting enabled.
Sep 09 11:34:23 st5.os3.su kernel: AMD IOMMUv2 driver by Joerg Roedel <jroedel@suse.de>
Sep 09 11:34:23 st5.os3.su kernel: AMD IOMMUv2 functionality not available on this system
Sep 09 11:34:23 st5.os3.su kernel: CRAT table not found
Sep 09 11:34:23 st5.os3.su kernel: Finished initializing topology ret=0
Sep 09 11:34:23 st5.os3.su kernel: kfd kfd: Initialized module
Sep 09 11:34:23 st5.os3.su kernel: scsi host2: ahci
Sep 09 11:34:23 st5.os3.su kernel: [drm] initializing kernel modesetting (CAICOS 0x1002:0x6771 0x103C:0x90B8).
Sep 09 11:34:23 st5.os3.su kernel: [drm] register mmio base: 0xF7C20000
Sep 09 11:34:23 st5.os3.su kernel: [drm] register mmio size: 131072
Sep 09 11:34:23 st5.os3.su kernel: radeon 0000:01:00.0: Invalid ROM contents
Sep 09 11:34:23 st5.os3.su kernel: ATOM BIOS: C36952
Sep 09 11:34:23 st5.os3.su kernel: radeon 0000:01:00.0: VRAM: 1024M 0x0000000000000000 - 0x000000003FFFFFFF (1024M used)
Sep 09 11:34:23 st5.os3.su kernel: radeon 0000:01:00.0: GTT: 1024M 0x0000000040000000 - 0x000000007FFFFFFF
Sep 09 11:34:23 st5.os3.su kernel: [drm] Detected VRAM RAM=1024M, BAR=256M
Sep 09 11:34:23 st5.os3.su kernel: [drm] RAM width 64bits DDR
Sep 09 11:34:23 st5.os3.su kernel: scsi host3: ahci
Sep 09 11:34:23 st5.os3.su kernel: [TTM] Zone  kernel: Available graphics memory: 4039856 kiB
Sep 09 11:34:23 st5.os3.su kernel: [TTM] Zone   dma32: Available graphics memory: 2097152 kiB
Sep 09 11:34:23 st5.os3.su kernel: [TTM] Initializing pool allocator
Sep 09 11:34:23 st5.os3.su kernel: [TTM] Initializing DMA pool allocator
Sep 09 11:34:23 st5.os3.su kernel: [drm] radeon: 1024M of VRAM memory ready
Sep 09 11:34:23 st5.os3.su kernel: [drm] radeon: 1024M of GTT memory ready.
Sep 09 11:34:23 st5.os3.su kernel: [drm] Loading CAICOS Microcode
Sep 09 11:34:23 st5.os3.su kernel: [drm] Internal thermal controller without fan control
Sep 09 11:34:23 st5.os3.su kernel: scsi host4: ahci
Sep 09 11:34:23 st5.os3.su kernel: ata1: SATA max UDMA/133 abar m2048@0xf7d3a000 port 0xf7d3a100 irq 26
Sep 09 11:34:23 st5.os3.su kernel: ata2: DUMMY
Sep 09 11:34:23 st5.os3.su kernel: ata3: SATA max UDMA/133 abar m2048@0xf7d3a000 port 0xf7d3a200 irq 26
Sep 09 11:34:23 st5.os3.su kernel: ata4: DUMMY
Sep 09 11:34:23 st5.os3.su kernel: ata5: DUMMY
Sep 09 11:34:23 st5.os3.su kernel: e1000e 0000:00:19.0: Interrupt Throttling Rate (ints/sec) set to dynamic conservative mode
Sep 09 11:34:23 st5.os3.su kernel: [drm] radeon: dpm initialized
Sep 09 11:34:23 st5.os3.su kernel: [drm] GART: num cpu pages 262144, num gpu pages 262144
Sep 09 11:34:23 st5.os3.su kernel: [drm] enabling PCIE gen 2 link speeds, disable with radeon.pcie_gen2=0
Sep 09 11:34:23 st5.os3.su kernel: [drm] PCIE GART of 1024M enabled (table at 0x0000000000274000).
Sep 09 11:34:23 st5.os3.su kernel: radeon 0000:01:00.0: WB enabled
Sep 09 11:34:23 st5.os3.su kernel: radeon 0000:01:00.0: fence driver on ring 0 use gpu addr 0x0000000040000c00 and cpu addr 0xffff8802216bbc00
Sep 09 11:34:23 st5.os3.su kernel: radeon 0000:01:00.0: fence driver on ring 3 use gpu addr 0x0000000040000c0c and cpu addr 0xffff8802216bbc0c
Sep 09 11:34:23 st5.os3.su kernel: radeon 0000:01:00.0: fence driver on ring 5 use gpu addr 0x0000000000072118 and cpu addr 0xffffc90001032118
Sep 09 11:34:23 st5.os3.su kernel: [drm] Supports vblank timestamp caching Rev 2 (21.10.2013).
Sep 09 11:34:23 st5.os3.su kernel: [drm] Driver supports precise vblank timestamp query.
Sep 09 11:34:23 st5.os3.su kernel: radeon 0000:01:00.0: radeon: MSI limited to 32-bit
Sep 09 11:34:23 st5.os3.su kernel: radeon 0000:01:00.0: radeon: using MSI.
Sep 09 11:34:23 st5.os3.su kernel: [drm] radeon: irq initialized.
Sep 09 11:34:23 st5.os3.su kernel: [drm] ring test on 0 succeeded in 2 usecs
Sep 09 11:34:23 st5.os3.su kernel: [drm] ring test on 3 succeeded in 6 usecs
Sep 09 11:34:23 st5.os3.su kernel: usb 1-1: new high-speed USB device number 2 using ehci-pci
Sep 09 11:34:23 st5.os3.su kernel: usb 2-1: new high-speed USB device number 2 using ehci-pci
Sep 09 11:34:23 st5.os3.su kernel: e1000e 0000:00:19.0 eth0: registered PHC clock
Sep 09 11:34:23 st5.os3.su kernel: e1000e 0000:00:19.0 eth0: (PCI Express:2.5GT/s:Width x1) ec:b1:d7:3a:71:bc
Sep 09 11:34:23 st5.os3.su kernel: e1000e 0000:00:19.0 eth0: Intel(R) PRO/1000 Network Connection
Sep 09 11:34:23 st5.os3.su kernel: e1000e 0000:00:19.0 eth0: MAC: 11, PHY: 12, PBA No: FFFFFF-0FF
Sep 09 11:34:23 st5.os3.su kernel: i915 0000:00:02.0: enabling device (0006 -> 0007)
Sep 09 11:34:23 st5.os3.su kernel: e1000e 0000:00:19.0 eno1: renamed from eth0
Sep 09 11:34:23 st5.os3.su kernel: usb 3-11: new low-speed USB device number 3 using xhci_hcd
Sep 09 11:34:23 st5.os3.su kernel: [drm] ring test on 5 succeeded in 2 usecs
Sep 09 11:34:23 st5.os3.su kernel: [drm] UVD initialized successfully.
Sep 09 11:34:23 st5.os3.su kernel: [drm] ib test on ring 0 succeeded in 0 usecs
Sep 09 11:34:23 st5.os3.su kernel: [drm] ib test on ring 3 succeeded in 0 usecs
Sep 09 11:34:23 st5.os3.su kernel: usb 1-1: New USB device found, idVendor=8087, idProduct=8008
Sep 09 11:34:23 st5.os3.su kernel: usb 1-1: New USB device strings: Mfr=0, Product=0, SerialNumber=0
Sep 09 11:34:23 st5.os3.su kernel: hub 1-1:1.0: USB hub found
Sep 09 11:34:23 st5.os3.su kernel: hub 1-1:1.0: 6 ports detected
Sep 09 11:34:23 st5.os3.su kernel: usb 2-1: New USB device found, idVendor=8087, idProduct=8000
Sep 09 11:34:23 st5.os3.su kernel: usb 2-1: New USB device strings: Mfr=0, Product=0, SerialNumber=0
Sep 09 11:34:23 st5.os3.su kernel: hub 2-1:1.0: USB hub found
Sep 09 11:34:23 st5.os3.su kernel: hub 2-1:1.0: 8 ports detected
Sep 09 11:34:23 st5.os3.su kernel: ata3: SATA link up 1.5 Gbps (SStatus 113 SControl 300)
Sep 09 11:34:23 st5.os3.su kernel: ata3.00: ATAPI: hp       DVDRAM GTB0N, HCS1, max UDMA/100
Sep 09 11:34:23 st5.os3.su kernel: ata1: SATA link up 6.0 Gbps (SStatus 133 SControl 300)
Sep 09 11:34:23 st5.os3.su kernel: ata3.00: configured for UDMA/100
Sep 09 11:34:23 st5.os3.su kernel: ata1.00: ATA-9: TOSHIBA DT01ACA100, MS2OA7C0, max UDMA/133
Sep 09 11:34:23 st5.os3.su kernel: ata1.00: 1953525168 sectors, multi 16: LBA48 NCQ (depth 31/32), AA
Sep 09 11:34:23 st5.os3.su kernel: ata1.00: configured for UDMA/133
Sep 09 11:34:23 st5.os3.su kernel: scsi 0:0:0:0: Direct-Access     ATA      TOSHIBA DT01ACA1 A7C0 PQ: 0 ANSI: 5
Sep 09 11:34:23 st5.os3.su kernel: sd 0:0:0:0: Attached scsi generic sg0 type 0
Sep 09 11:34:23 st5.os3.su kernel: sd 0:0:0:0: [sda] 1953525168 512-byte logical blocks: (1.00 TB/932 GiB)
Sep 09 11:34:23 st5.os3.su kernel: sd 0:0:0:0: [sda] 4096-byte physical blocks
Sep 09 11:34:23 st5.os3.su kernel: sd 0:0:0:0: [sda] Write Protect is off
Sep 09 11:34:23 st5.os3.su kernel: sd 0:0:0:0: [sda] Mode Sense: 00 3a 00 00
Sep 09 11:34:23 st5.os3.su kernel: sd 0:0:0:0: [sda] Write cache: enabled, read cache: enabled, doesn't support DPO or FUA
Sep 09 11:34:23 st5.os3.su kernel: scsi 2:0:0:0: CD-ROM            hp       DVDRAM GTB0N     HCS1 PQ: 0 ANSI: 5
Sep 09 11:34:23 st5.os3.su kernel: sr 2:0:0:0: [sr0] scsi3-mmc drive: 24x/24x writer dvd-ram cd/rw xa/form2 cdda tray
Sep 09 11:34:23 st5.os3.su kernel: cdrom: Uniform CD-ROM driver Revision: 3.20
Sep 09 11:34:23 st5.os3.su kernel: sr 2:0:0:0: Attached scsi CD-ROM sr0
Sep 09 11:34:23 st5.os3.su kernel: sr 2:0:0:0: Attached scsi generic sg1 type 5
Sep 09 11:34:23 st5.os3.su kernel: tsc: Refined TSC clocksource calibration: 3292.393 MHz
Sep 09 11:34:23 st5.os3.su kernel: clocksource: tsc: mask: 0xffffffffffffffff max_cycles: 0x2f753a97676, max_idle_ns: 440795308951 ns
Sep 09 11:34:23 st5.os3.su kernel:  sda: sda1 sda2 sda3
Sep 09 11:34:23 st5.os3.su kernel: sd 0:0:0:0: [sda] Attached SCSI disk
Sep 09 11:34:23 st5.os3.su kernel: usb 3-11: New USB device found, idVendor=03f0, idProduct=034a
Sep 09 11:34:23 st5.os3.su kernel: usb 3-11: New USB device strings: Mfr=1, Product=2, SerialNumber=0
Sep 09 11:34:23 st5.os3.su kernel: usb 3-11: Product: HP Elite USB Keyboard
Sep 09 11:34:23 st5.os3.su kernel: usb 3-11: Manufacturer: Chicony
Sep 09 11:34:23 st5.os3.su kernel: usb 3-11: ep 0x81 - rounding interval to 64 microframes, ep desc says 80 microframes
Sep 09 11:34:23 st5.os3.su kernel: usb 3-11: ep 0x82 - rounding interval to 64 microframes, ep desc says 80 microframes
Sep 09 11:34:23 st5.os3.su kernel: hidraw: raw HID events driver (C) Jiri Kosina
Sep 09 11:34:23 st5.os3.su kernel: usbcore: registered new interface driver usbhid
Sep 09 11:34:23 st5.os3.su kernel: usbhid: USB HID core driver
Sep 09 11:34:23 st5.os3.su kernel: input: Chicony HP Elite USB Keyboard as /devices/pci0000:00/0000:00:14.0/usb3/3-11/3-11:1.0/0003:03F0:034A.0001/input/input7
Sep 09 11:34:23 st5.os3.su kernel: hid-generic 0003:03F0:034A.0001: input,hidraw0: USB HID v1.10 Keyboard [Chicony HP Elite USB Keyboard] on usb-0000:00:14.0-11/input0
Sep 09 11:34:23 st5.os3.su kernel: input: Chicony HP Elite USB Keyboard as /devices/pci0000:00/0000:00:14.0/usb3/3-11/3-11:1.1/0003:03F0:034A.0002/input/input8
Sep 09 11:34:23 st5.os3.su kernel: usb 3-12: new low-speed USB device number 4 using xhci_hcd
Sep 09 11:34:23 st5.os3.su kernel: hid-generic 0003:03F0:034A.0002: input,hidraw1: USB HID v1.10 Device [Chicony HP Elite USB Keyboard] on usb-0000:00:14.0-11/input1
Sep 09 11:34:23 st5.os3.su kernel: usb 3-12: New USB device found, idVendor=03f0, idProduct=134a
Sep 09 11:34:23 st5.os3.su kernel: usb 3-12: New USB device strings: Mfr=1, Product=2, SerialNumber=0
Sep 09 11:34:23 st5.os3.su kernel: usb 3-12: Product: HP USB Optical Mouse
Sep 09 11:34:23 st5.os3.su kernel: usb 3-12: Manufacturer: PixArt
Sep 09 11:34:23 st5.os3.su kernel: usb 3-12: ep 0x81 - rounding interval to 64 microframes, ep desc says 80 microframes
Sep 09 11:34:23 st5.os3.su kernel: input: PixArt HP USB Optical Mouse as /devices/pci0000:00/0000:00:14.0/usb3/3-12/3-12:1.0/0003:03F0:134A.0003/input/input9
Sep 09 11:34:23 st5.os3.su kernel: hid-generic 0003:03F0:134A.0003: input,hidraw2: USB HID v1.11 Mouse [PixArt HP USB Optical Mouse] on usb-0000:00:14.0-12/input0
Sep 09 11:34:23 st5.os3.su kernel: usb 4-5: new SuperSpeed USB device number 2 using xhci_hcd
Sep 09 11:34:23 st5.os3.su kernel: [drm] ib test on ring 5 succeeded
Sep 09 11:34:23 st5.os3.su kernel: [drm] Radeon Display Connectors
Sep 09 11:34:23 st5.os3.su kernel: [drm] Connector 0:
Sep 09 11:34:23 st5.os3.su kernel: [drm]   DP-1
Sep 09 11:34:23 st5.os3.su kernel: [drm]   HPD2
Sep 09 11:34:23 st5.os3.su kernel: [drm]   DDC: 0x6460 0x6460 0x6464 0x6464 0x6468 0x6468 0x646c 0x646c
Sep 09 11:34:23 st5.os3.su kernel: [drm]   Encoders:
Sep 09 11:34:23 st5.os3.su kernel: [drm]     DFP1: INTERNAL_UNIPHY1
Sep 09 11:34:23 st5.os3.su kernel: [drm] Connector 1:
Sep 09 11:34:23 st5.os3.su kernel: [drm]   DVI-I-1
Sep 09 11:34:23 st5.os3.su kernel: [drm]   HPD4
Sep 09 11:34:23 st5.os3.su kernel: [drm]   DDC: 0x6450 0x6450 0x6454 0x6454 0x6458 0x6458 0x645c 0x645c
Sep 09 11:34:23 st5.os3.su kernel: [drm]   Encoders:
Sep 09 11:34:23 st5.os3.su kernel: [drm]     DFP2: INTERNAL_UNIPHY
Sep 09 11:34:23 st5.os3.su kernel: [drm]     CRT1: INTERNAL_KLDSCP_DAC1
Sep 09 11:34:23 st5.os3.su kernel: usb 4-5: New USB device found, idVendor=0951, idProduct=1666
Sep 09 11:34:23 st5.os3.su kernel: usb 4-5: New USB device strings: Mfr=1, Product=2, SerialNumber=3
Sep 09 11:34:23 st5.os3.su kernel: usb 4-5: Product: DataTraveler 3.0
Sep 09 11:34:23 st5.os3.su kernel: usb 4-5: Manufacturer: Kingston
Sep 09 11:34:23 st5.os3.su kernel: usb 4-5: SerialNumber: 60A44C413B99BF71D9989A5B
Sep 09 11:34:23 st5.os3.su kernel: usb-storage 4-5:1.0: USB Mass Storage device detected
Sep 09 11:34:23 st5.os3.su kernel: scsi host5: usb-storage 4-5:1.0
Sep 09 11:34:23 st5.os3.su kernel: usbcore: registered new interface driver usb-storage
Sep 09 11:34:23 st5.os3.su kernel: usbcore: registered new interface driver uas
Sep 09 11:34:23 st5.os3.su kernel: [drm] fb mappable at 0xE0475000
Sep 09 11:34:23 st5.os3.su kernel: [drm] vram apper at 0xE0000000
Sep 09 11:34:23 st5.os3.su kernel: [drm] size 8294400
Sep 09 11:34:23 st5.os3.su kernel: [drm] fb depth is 24
Sep 09 11:34:23 st5.os3.su kernel: [drm]    pitch is 7680
Sep 09 11:34:23 st5.os3.su kernel: fbcon: radeondrmfb (fb0) is primary device
Sep 09 11:34:23 st5.os3.su kernel: Console: switching to colour frame buffer device 240x67
Sep 09 11:34:23 st5.os3.su kernel: radeon 0000:01:00.0: fb0: radeondrmfb frame buffer device
Sep 09 11:34:23 st5.os3.su kernel: [drm] Initialized radeon 2.43.0 20080528 for 0000:01:00.0 on minor 0
Sep 09 11:34:23 st5.os3.su kernel: [drm] Memory usable by graphics device = 2048M
Sep 09 11:34:23 st5.os3.su kernel: [drm] Replacing VGA console driver
Sep 09 11:34:23 st5.os3.su kernel: [drm] Supports vblank timestamp caching Rev 2 (21.10.2013).
Sep 09 11:34:23 st5.os3.su kernel: [drm] Driver supports precise vblank timestamp query.
Sep 09 11:34:23 st5.os3.su kernel: vgaarb: device changed decodes: PCI:0000:01:00.0,olddecodes=io+mem,decodes=io+mem:owns=io+mem
Sep 09 11:34:23 st5.os3.su kernel: [drm] Initialized i915 1.6.0 20151010 for 0000:00:02.0 on minor 1
Sep 09 11:34:23 st5.os3.su kernel: i915 0000:00:02.0: No connectors reported connected with modes
Sep 09 11:34:23 st5.os3.su kernel: [drm] Cannot find any crtc or sizes - going 1024x768
Sep 09 11:34:23 st5.os3.su kernel: clocksource: Switched to clocksource tsc
Sep 09 11:34:23 st5.os3.su kernel: i915 0000:00:02.0: fb1: inteldrmfb frame buffer device
Sep 09 11:34:23 st5.os3.su kernel: EXT4-fs (sda2): mounted filesystem with ordered data mode. Opts: (null)
Sep 09 11:34:23 st5.os3.su kernel: scsi 5:0:0:0: Direct-Access     Kingston DataTraveler 3.0 PMAP PQ: 0 ANSI: 6
Sep 09 11:34:23 st5.os3.su kernel: sd 5:0:0:0: Attached scsi generic sg2 type 0
Sep 09 11:34:23 st5.os3.su kernel: random: nonblocking pool is initialized
Sep 09 11:34:23 st5.os3.su systemd[1]: systemd 229 running in system mode. (+PAM +AUDIT +SELINUX +IMA +APPARMOR +SMACK +SYSVINIT +UTMP +LIBCRYPTSETUP +GCRYPT +GNUTLS +ACL +XZ -LZ4 +SECCOMP +BLKID +ELFUTILS +KMOD -IDN)
Sep 09 11:34:23 st5.os3.su systemd[1]: Detected architecture x86-64.
Sep 09 11:34:23 st5.os3.su systemd[1]: Set hostname to <st5.os3.su>.
Sep 09 11:34:23 st5.os3.su kernel: sd 5:0:0:0: [sdb] 15364416 512-byte logical blocks: (7.87 GB/7.33 GiB)
Sep 09 11:34:23 st5.os3.su kernel: sd 5:0:0:0: [sdb] Write Protect is off
Sep 09 11:34:23 st5.os3.su kernel: sd 5:0:0:0: [sdb] Mode Sense: 23 00 00 00
Sep 09 11:34:23 st5.os3.su kernel: sd 5:0:0:0: [sdb] No Caching mode page found
Sep 09 11:34:23 st5.os3.su kernel: sd 5:0:0:0: [sdb] Assuming drive cache: write through
Sep 09 11:34:23 st5.os3.su kernel:  sdb: sdb1 sdb2
Sep 09 11:34:23 st5.os3.su kernel: sd 5:0:0:0: [sdb] Attached SCSI removable disk
Sep 09 11:34:23 st5.os3.su systemd[1]: Listening on udev Control Socket.
Sep 09 11:34:23 st5.os3.su systemd[1]: Listening on fsck to fsckd communication Socket.
Sep 09 11:34:23 st5.os3.su systemd[1]: Listening on /dev/initctl Compatibility Named Pipe.
Sep 09 11:34:23 st5.os3.su systemd[1]: Reached target User and Group Name Lookups.
Sep 09 11:34:23 st5.os3.su systemd[1]: Listening on udev Kernel Socket.
Sep 09 11:34:23 st5.os3.su systemd[1]: Created slice System Slice.
Sep 09 11:34:23 st5.os3.su systemd[1]: Reached target Remote File Systems (Pre).
Sep 09 11:34:23 st5.os3.su systemd[1]: Listening on Journal Audit Socket.
Sep 09 11:34:23 st5.os3.su systemd[1]: Set up automount Arbitrary Executable File Formats File System Automount Point.
Sep 09 11:34:23 st5.os3.su systemd[1]: Reached target Encrypted Volumes.
Sep 09 11:34:23 st5.os3.su systemd[1]: Listening on Journal Socket (/dev/log).
Sep 09 11:34:23 st5.os3.su systemd[1]: Reached target Remote File Systems.
Sep 09 11:34:23 st5.os3.su systemd[1]: Listening on Journal Socket.
Sep 09 11:34:23 st5.os3.su systemd[1]: Starting Uncomplicated firewall...
Sep 09 11:34:23 st5.os3.su systemd[1]: Starting Load Kernel Modules...
Sep 09 11:34:23 st5.os3.su systemd[1]: Mounting Huge Pages File System...
Sep 09 11:34:23 st5.os3.su systemd[1]: Mounting POSIX Message Queue File System...
Sep 09 11:34:23 st5.os3.su systemd[1]: Mounting Debug File System...
Sep 09 11:34:23 st5.os3.su systemd[1]: Started Read required files in advance.
Sep 09 11:34:23 st5.os3.su systemd[1]: Started Forward Password Requests to Wall Directory Watch.
Sep 09 11:34:23 st5.os3.su systemd[1]: Starting Create list of required static device nodes for the current kernel...
Sep 09 11:34:23 st5.os3.su systemd[1]: Created slice system-systemd\x2dfsck.slice.
Sep 09 11:34:23 st5.os3.su systemd[1]: Created slice User and Session Slice.
Sep 09 11:34:23 st5.os3.su systemd[1]: Reached target Slices.
Sep 09 11:34:23 st5.os3.su systemd[1]: Starting Set console keymap...
Sep 09 11:34:23 st5.os3.su systemd[1]: Started Braille Device Support.
Sep 09 11:34:23 st5.os3.su systemd[1]: Listening on Syslog Socket.
Sep 09 11:34:23 st5.os3.su systemd[1]: Starting Journal Service...
Sep 09 11:34:23 st5.os3.su systemd[1]: Started Uncomplicated firewall.
Sep 09 11:34:23 st5.os3.su systemd[1]: Started Create list of required static device nodes for the current kernel.
Sep 09 11:34:23 st5.os3.su systemd[1]: Starting Create Static Device Nodes in /dev...
Sep 09 11:34:23 st5.os3.su kernel: lp: driver loaded but no devices found
Sep 09 11:34:23 st5.os3.su systemd[1]: Mounted Huge Pages File System.
Sep 09 11:34:23 st5.os3.su systemd[1]: Mounted Debug File System.
Sep 09 11:34:23 st5.os3.su systemd[1]: Mounted POSIX Message Queue File System.
Sep 09 11:34:23 st5.os3.su kernel: ppdev: user-space parallel port driver
Sep 09 11:34:23 st5.os3.su systemd[1]: Started Load Kernel Modules.
Sep 09 11:34:23 st5.os3.su systemd-journald[994]: Journal started
Sep 09 11:34:23 st5.os3.su systemd[1]: Mounting FUSE Control File System...
Sep 09 11:34:23 st5.os3.su systemd-modules-load[975]: Inserted module 'lp'
Sep 09 11:34:23 st5.os3.su systemd[1]: Starting Apply Kernel Variables...
Sep 09 11:34:23 st5.os3.su systemd[1]: Started Journal Service.
Sep 09 11:34:23 st5.os3.su systemd-modules-load[975]: Inserted module 'ppdev'
Sep 09 11:34:23 st5.os3.su systemd-modules-load[975]: Inserted module 'parport_pc'
Sep 09 11:34:23 st5.os3.su systemd[1]: Mounted FUSE Control File System.
Sep 09 11:34:23 st5.os3.su systemd[1]: Started Apply Kernel Variables.
Sep 09 11:34:23 st5.os3.su loadkeys[990]: Loading /etc/console-setup/cached.kmap.gz
Sep 09 11:34:23 st5.os3.su systemd[1]: Started Set console keymap.
Sep 09 11:34:24 st5.os3.su systemd[1]: Started Create Static Device Nodes in /dev.
Sep 09 11:34:24 st5.os3.su systemd[1]: Starting udev Kernel Device Manager...
Sep 09 11:34:25 st5.os3.su systemd[1]: Started udev Kernel Device Manager.
Sep 09 11:34:25 st5.os3.su systemd[1]: Starting Remount Root and Kernel File Systems...
Sep 09 11:34:26 st5.os3.su systemd[1]: Started Remount Root and Kernel File Systems.
Sep 09 11:34:26 st5.os3.su kernel: EXT4-fs (sda2): re-mounted. Opts: errors=remount-ro
Sep 09 11:34:26 st5.os3.su systemd[1]: Starting udev Coldplug all Devices...
Sep 09 11:34:26 st5.os3.su systemd[1]: Reached target Local File Systems (Pre).
Sep 09 11:34:26 st5.os3.su systemd[1]: Starting Flush Journal to Persistent Storage...
Sep 09 11:34:26 st5.os3.su systemd[1]: Starting Load/Save Random Seed...
Sep 09 11:34:26 st5.os3.su systemd[1]: Started udev Coldplug all Devices.
Sep 09 11:34:26 st5.os3.su systemd[1]: Starting Show Plymouth Boot Screen...
Sep 09 11:34:26 st5.os3.su systemd[1]: Started Flush Journal to Persistent Storage.
Sep 09 11:34:26 st5.os3.su systemd[1]: Started Load/Save Random Seed.
Sep 09 11:34:26 st5.os3.su kernel: shpchp: Standard Hot Plug PCI Controller Driver version: 0.4
Sep 09 11:34:26 st5.os3.su systemd[1]: Created slice system-systemd\x2dbacklight.slice.
Sep 09 11:34:26 st5.os3.su systemd[1]: Starting Load/Save Screen Backlight Brightness of backlight:acpi_video0...
Sep 09 11:34:26 st5.os3.su kernel: snd_hda_intel 0000:00:03.0: enabling device (0100 -> 0102)
Sep 09 11:34:26 st5.os3.su kernel: snd_hda_intel 0000:00:03.0: bound 0000:00:02.0 (ops i915_audio_component_bind_ops [i915])
Sep 09 11:34:26 st5.os3.su kernel: snd_hda_intel 0000:00:1b.0: enabling device (0100 -> 0102)
Sep 09 11:34:26 st5.os3.su kernel: snd_hda_intel 0000:01:00.1: Handle vga_switcheroo audio client
Sep 09 11:34:26 st5.os3.su kernel: input: HDA ATI HDMI HDMI/DP,pcm=3 as /devices/pci0000:00/0000:00:01.0/0000:01:00.1/sound/card2/input10
Sep 09 11:34:26 st5.os3.su kernel: snd_hda_codec_realtek hdaudioC1D0: autoconfig for ALC221: line_outs=1 (0x14/0x0/0x0/0x0/0x0) type:line
Sep 09 11:34:26 st5.os3.su kernel: snd_hda_codec_realtek hdaudioC1D0:    speaker_outs=1 (0x17/0x0/0x0/0x0/0x0)
Sep 09 11:34:26 st5.os3.su kernel: snd_hda_codec_realtek hdaudioC1D0:    hp_outs=1 (0x21/0x0/0x0/0x0/0x0)
Sep 09 11:34:26 st5.os3.su kernel: snd_hda_codec_realtek hdaudioC1D0:    mono: mono_out=0x0
Sep 09 11:34:26 st5.os3.su kernel: snd_hda_codec_realtek hdaudioC1D0:    inputs:
Sep 09 11:34:26 st5.os3.su kernel: snd_hda_codec_realtek hdaudioC1D0:      Mic=0x1a
Sep 09 11:34:26 st5.os3.su kernel: snd_hda_codec_realtek hdaudioC1D0:      Line=0x1b
Sep 09 11:34:26 st5.os3.su kernel: input: HDA Intel PCH Mic as /devices/pci0000:00/0000:00:1b.0/sound/card1/input11
Sep 09 11:34:26 st5.os3.su kernel: input: HDA Intel PCH Line as /devices/pci0000:00/0000:00:1b.0/sound/card1/input12
Sep 09 11:34:26 st5.os3.su kernel: input: HDA Intel PCH Line Out as /devices/pci0000:00/0000:00:1b.0/sound/card1/input13
Sep 09 11:34:26 st5.os3.su kernel: input: HDA Intel PCH Front Headphone as /devices/pci0000:00/0000:00:1b.0/sound/card1/input14
Sep 09 11:34:26 st5.os3.su kernel: input: HDA Intel HDMI HDMI/DP,pcm=3 as /devices/pci0000:00/0000:00:03.0/sound/card0/input15
Sep 09 11:34:26 st5.os3.su kernel: input: HDA Intel HDMI HDMI/DP,pcm=7 as /devices/pci0000:00/0000:00:03.0/sound/card0/input16
Sep 09 11:34:26 st5.os3.su kernel: input: HDA Intel HDMI HDMI/DP,pcm=8 as /devices/pci0000:00/0000:00:03.0/sound/card0/input17
Sep 09 11:34:26 st5.os3.su systemd[1]: Started Load/Save Screen Backlight Brightness of backlight:acpi_video0.
Sep 09 11:34:26 st5.os3.su systemd[1]: Listening on Load/Save RF Kill Switch Status /dev/rfkill Watch.
Sep 09 11:34:27 st5.os3.su systemd[1]: Reached target Sound Card.
Sep 09 11:34:27 st5.os3.su kernel: AVX2 version of gcm_enc/dec engaged.
Sep 09 11:34:27 st5.os3.su kernel: AES CTR mode by8 optimization enabled
Sep 09 11:34:27 st5.os3.su mtp-probe[1649]: checking bus 3, device 3: "/sys/devices/pci0000:00/0000:00:14.0/usb3/3-11"
Sep 09 11:34:27 st5.os3.su mtp-probe[1648]: checking bus 3, device 4: "/sys/devices/pci0000:00/0000:00:14.0/usb3/3-12"
Sep 09 11:34:27 st5.os3.su mtp-probe[1616]: checking bus 4, device 2: "/sys/devices/pci0000:00/0000:00:14.0/usb4/4-5"
Sep 09 11:34:27 st5.os3.su mtp-probe[1616]: bus: 4, device: 2 was not an MTP device
Sep 09 11:34:27 st5.os3.su mtp-probe[1648]: bus: 3, device: 4 was not an MTP device
Sep 09 11:34:27 st5.os3.su mtp-probe[1649]: bus: 3, device: 3 was not an MTP device
Sep 09 11:34:27 st5.os3.su kernel: input: HP WMI hotkeys as /devices/virtual/input/input18
Sep 09 11:34:27 st5.os3.su systemd[1]: Started Show Plymouth Boot Screen.
Sep 09 11:34:27 st5.os3.su systemd[1]: Started Forward Password Requests to Plymouth Directory Watch.
Sep 09 11:34:27 st5.os3.su systemd[1]: dev-disk-by\x2dlabel-Kali\x5cx20Live.device: Dev dev-disk-by\x2dlabel-Kali\x5cx20Live.device appeared twice with different sysfs paths /sys/devices/pci0000:00/0000:00:14.0/usb4/4-5/4-5:1.0/host5/target5:0:0/5:0:0:0/block/sdb and /sys/devices/pci0000:00/0000:00:14.0/usb4/4-5/4-5:1.0/host5/target5:0:0/5:0:0:0/block/sdb/sdb1
Sep 09 11:34:27 st5.os3.su systemd[1]: dev-disk-by\x2duuid-2016\x2d08\x2d30\x2d16\x2d36\x2d13\x2d00.device: Dev dev-disk-by\x2duuid-2016\x2d08\x2d30\x2d16\x2d36\x2d13\x2d00.device appeared twice with different sysfs paths /sys/devices/pci0000:00/0000:00:14.0/usb4/4-5/4-5:1.0/host5/target5:0:0/5:0:0:0/block/sdb and /sys/devices/pci0000:00/0000:00:14.0/usb4/4-5/4-5:1.0/host5/target5:0:0/5:0:0:0/block/sdb/sdb1
Sep 09 11:34:27 st5.os3.su systemd[1]: dev-disk-by\x2dlabel-Kali\x5cx20Live.device: Dev dev-disk-by\x2dlabel-Kali\x5cx20Live.device appeared twice with different sysfs paths /sys/devices/pci0000:00/0000:00:14.0/usb4/4-5/4-5:1.0/host5/target5:0:0/5:0:0:0/block/sdb and /sys/devices/pci0000:00/0000:00:14.0/usb4/4-5/4-5:1.0/host5/target5:0:0/5:0:0:0/block/sdb/sdb2
Sep 09 11:34:28 st5.os3.su systemd[1]: Found device TOSHIBA_DT01ACA100 EFI\x20System\x20Partition.
Sep 09 11:34:28 st5.os3.su kernel: intel_rapl: Found RAPL domain package
Sep 09 11:34:28 st5.os3.su kernel: intel_rapl: Found RAPL domain core
Sep 09 11:34:28 st5.os3.su kernel: intel_rapl: Found RAPL domain uncore
Sep 09 11:34:28 st5.os3.su kernel: intel_rapl: Found RAPL domain dram
Sep 09 11:34:28 st5.os3.su kernel: intel_rapl: RAPL package 0 domain package locked by BIOS
Sep 09 11:34:28 st5.os3.su kernel: intel_rapl: RAPL package 0 domain dram locked by BIOS
Sep 09 11:34:28 st5.os3.su systemd[1]: Starting File System Check on /dev/disk/by-uuid/5AE5-AB1A...
Sep 09 11:34:28 st5.os3.su systemd[1]: Started File System Check Daemon to report status.
Sep 09 11:34:28 st5.os3.su systemd[1]: Found device TOSHIBA_DT01ACA100 3.
Sep 09 11:34:28 st5.os3.su systemd[1]: Found device TOSHIBA_DT01ACA100 3.
Sep 09 11:34:28 st5.os3.su systemd[1]: Activating swap Swap Partition...
Sep 09 11:34:28 st5.os3.su systemd[1]: Activated swap Swap Partition.
Sep 09 11:34:28 st5.os3.su systemd[1]: Activated swap /dev/disk/by-uuid/ba9aa24d-2f20-4956-89c1-d27c219b2f4d.
Sep 09 11:34:28 st5.os3.su systemd[1]: Reached target Swap.
Sep 09 11:34:28 st5.os3.su kernel: Adding 8292348k swap on /dev/sda3.  Priority:-1 extents:1 across:8292348k FS
Sep 09 11:34:29 st5.os3.su systemd-fsck[2356]: fsck.fat 3.0.28 (2015-05-16)
Sep 09 11:34:29 st5.os3.su systemd-fsck[2356]: /dev/sda1: 8 files, 917/130812 clusters
Sep 09 11:34:29 st5.os3.su systemd[1]: Started File System Check on /dev/disk/by-uuid/5AE5-AB1A.
Sep 09 11:34:29 st5.os3.su systemd[1]: Mounting /boot/efi...
Sep 09 11:34:29 st5.os3.su systemd[1]: Mounted /boot/efi.
Sep 09 11:34:29 st5.os3.su systemd[1]: Reached target Local File Systems.
Sep 09 11:34:30 st5.os3.su systemd[1]: Starting Run snappy firstboot setup...
Sep 09 11:34:30 st5.os3.su systemd[1]: Starting Create Volatile Files and Directories...
Sep 09 11:34:30 st5.os3.su systemd[1]: Starting Set console font and keymap...
Sep 09 11:34:30 st5.os3.su systemd-tmpfiles[2382]: [/usr/lib/tmpfiles.d/var.conf:14] Duplicate line for path "/var/log", ignoring.
Sep 09 11:34:30 st5.os3.su systemd[1]: Starting Clean up any mess left by 0dns-up...
Sep 09 11:34:30 st5.os3.su systemd[1]: Starting Tell Plymouth To Write Out Runtime Data...
Sep 09 11:34:30 st5.os3.su systemd[1]: Starting LSB: AppArmor initialization...
Sep 09 11:34:30 st5.os3.su systemd[1]: Started Tell Plymouth To Write Out Runtime Data.
Sep 09 11:34:30 st5.os3.su systemd[1]: Started Clean up any mess left by 0dns-up.
Sep 09 11:34:30 st5.os3.su systemd[1]: Starting Nameserver information manager...
Sep 09 11:34:30 st5.os3.su systemd-udevd[1030]: Process '/usr/sbin/alsactl -E HOME=/run/alsa restore 0' failed with exit code 99.
Sep 09 11:34:30 st5.os3.su systemd[1]: Started Create Volatile Files and Directories.
